Archive member included to satisfy reference by file (symbol)

./libs/capsense/COMPONENT_SOFTFP/TOOLCHAIN_GCC_ARM/libcy_capsense.a(cy_capsense_smartsense_hw_lib.o)
                              C:/Onethinx_Tomislav/ModusToolbox/ModusToolbox2Examples/HelloWorld_MTB2.0_API-B2/Empty_PSoC6_App/build/CY8CPROTO-063-BLE/Debug/libs/capsense/cy_capsense_sensing.o (Cy_CapSense_TunePrescalers_Lib)
./libs/capsense/COMPONENT_SOFTFP/TOOLCHAIN_GCC_ARM/libcy_capsense.a(cy_capsense_gesture_lib.o)
                              C:/Onethinx_Tomislav/ModusToolbox/ModusToolbox2Examples/HelloWorld_MTB2.0_API-B2/Empty_PSoC6_App/build/CY8CPROTO-063-BLE/Debug/libs/capsense/cy_capsense_processing.o (Cy_CapSense_Gesture_ResetState)
./libs/capsense/COMPONENT_SOFTFP/TOOLCHAIN_GCC_ARM/libcy_capsense.a(cy_capsense_advanced_centroid_lib.o)
                              C:/Onethinx_Tomislav/ModusToolbox/ModusToolbox2Examples/HelloWorld_MTB2.0_API-B2/Empty_PSoC6_App/build/CY8CPROTO-063-BLE/Debug/libs/capsense/cy_capsense_centroid.o (Cy_CapSense_AdvancedCentroidGetTouchCoordinates_Lib)
./libs/capsense/COMPONENT_SOFTFP/TOOLCHAIN_GCC_ARM/libcy_capsense.a(cy_capsense_smartsense_fw_lib.o)
                              C:/Onethinx_Tomislav/ModusToolbox/ModusToolbox2Examples/HelloWorld_MTB2.0_API-B2/Empty_PSoC6_App/build/CY8CPROTO-063-BLE/Debug/libs/capsense/cy_capsense_processing.o (Cy_CapSense_UpdateThresholds_Lib)
c:/modustoolbox/tools_2.0/gcc-7.2.1/bin/../lib/gcc/arm-none-eabi/7.2.1/thumb/v7e-m/fpv4-sp/softfp\libgcc.a(_udivsi3.o)
                              ./libs/capsense/COMPONENT_SOFTFP/TOOLCHAIN_GCC_ARM/libcy_capsense.a(cy_capsense_smartsense_hw_lib.o) (__aeabi_uidiv)
c:/modustoolbox/tools_2.0/gcc-7.2.1/bin/../lib/gcc/arm-none-eabi/7.2.1/thumb/v7e-m/fpv4-sp/softfp\libgcc.a(_divsi3.o)
                              ./libs/capsense/COMPONENT_SOFTFP/TOOLCHAIN_GCC_ARM/libcy_capsense.a(cy_capsense_advanced_centroid_lib.o) (__aeabi_idiv)
c:/modustoolbox/tools_2.0/gcc-7.2.1/bin/../lib/gcc/arm-none-eabi/7.2.1/thumb/v7e-m/fpv4-sp/softfp\libgcc.a(_dvmd_tls.o)
                              c:/modustoolbox/tools_2.0/gcc-7.2.1/bin/../lib/gcc/arm-none-eabi/7.2.1/thumb/v7e-m/fpv4-sp/softfp\libgcc.a(_udivsi3.o) (__aeabi_idiv0)
c:/modustoolbox/tools_2.0/gcc-7.2.1/bin/../lib/gcc/arm-none-eabi/7.2.1/thumb/v7e-m/fpv4-sp/softfp\libgcc.a(_arm_addsubdf3.o)
                              C:/Onethinx_Tomislav/ModusToolbox/ModusToolbox2Examples/HelloWorld_MTB2.0_API-B2/Empty_PSoC6_App/build/CY8CPROTO-063-BLE/Debug/libs/psoc6hal/src/cyhal_spi.o (__aeabi_dsub)
c:/modustoolbox/tools_2.0/gcc-7.2.1/bin/../lib/gcc/arm-none-eabi/7.2.1/thumb/v7e-m/fpv4-sp/softfp\libgcc.a(_arm_muldivdf3.o)
                              C:/Onethinx_Tomislav/ModusToolbox/ModusToolbox2Examples/HelloWorld_MTB2.0_API-B2/Empty_PSoC6_App/build/CY8CPROTO-063-BLE/Debug/libs/psoc6hal/src/cyhal_spi.o (__aeabi_ddiv)
c:/modustoolbox/tools_2.0/gcc-7.2.1/bin/../lib/gcc/arm-none-eabi/7.2.1/thumb/v7e-m/fpv4-sp/softfp\libgcc.a(_arm_fixunsdfsi.o)
                              C:/Onethinx_Tomislav/ModusToolbox/ModusToolbox2Examples/HelloWorld_MTB2.0_API-B2/Empty_PSoC6_App/build/CY8CPROTO-063-BLE/Debug/libs/psoc6hal/src/cyhal_spi.o (__aeabi_d2uiz)
c:/modustoolbox/tools_2.0/gcc-7.2.1/bin/../lib/gcc/arm-none-eabi/7.2.1/thumb/v7e-m/fpv4-sp/softfp\libgcc.a(_aeabi_ldivmod.o)
                              C:/Onethinx_Tomislav/ModusToolbox/ModusToolbox2Examples/HelloWorld_MTB2.0_API-B2/Empty_PSoC6_App/build/CY8CPROTO-063-BLE/Debug/libs/psoc6pdl/drivers/source/cy_sar.o (__aeabi_ldivmod)
c:/modustoolbox/tools_2.0/gcc-7.2.1/bin/../lib/gcc/arm-none-eabi/7.2.1/thumb/v7e-m/fpv4-sp/softfp\libgcc.a(_aeabi_uldivmod.o)
                              C:/Onethinx_Tomislav/ModusToolbox/ModusToolbox2Examples/HelloWorld_MTB2.0_API-B2/Empty_PSoC6_App/build/CY8CPROTO-063-BLE/Debug/libs/psoc6hal/src/cyhal_pwm.o (__aeabi_uldivmod)
c:/modustoolbox/tools_2.0/gcc-7.2.1/bin/../lib/gcc/arm-none-eabi/7.2.1/thumb/v7e-m/fpv4-sp/softfp\libgcc.a(_udivmoddi4.o)
                              c:/modustoolbox/tools_2.0/gcc-7.2.1/bin/../lib/gcc/arm-none-eabi/7.2.1/thumb/v7e-m/fpv4-sp/softfp\libgcc.a(_aeabi_ldivmod.o) (__udivmoddi4)
c:/modustoolbox/tools_2.0/gcc-7.2.1/bin/../lib/gcc/arm-none-eabi/7.2.1/../../../../arm-none-eabi/lib/thumb/v7e-m/fpv4-sp/softfp\libg_nano.a(lib_a-exit.o)
                              c:/modustoolbox/tools_2.0/gcc-7.2.1/bin/../lib/gcc/arm-none-eabi/7.2.1/../../../../arm-none-eabi/lib/thumb/v7e-m/fpv4-sp/softfp/crt0.o (exit)
c:/modustoolbox/tools_2.0/gcc-7.2.1/bin/../lib/gcc/arm-none-eabi/7.2.1/../../../../arm-none-eabi/lib/thumb/v7e-m/fpv4-sp/softfp\libg_nano.a(lib_a-fini.o)
                              C:/Onethinx_Tomislav/ModusToolbox/ModusToolbox2Examples/HelloWorld_MTB2.0_API-B2/Empty_PSoC6_App/build/CY8CPROTO-063-BLE/Debug/libs/TARGET_CY8CPROTO-063-BLE/startup/TOOLCHAIN_GCC_ARM/startup_psoc6_01_cm4.o (__libc_fini_array)
[...]
Memory Configuration

Name             Origin             Length             Attributes
ram              0x08000000         0x0003f000         xrw
flash            0x10000000         0x000e0000         xr
em_eeprom        0x14000000         0x00008000         xr
xip              0x18000000         0x08000000         xr
efuse            0x90700000         0x00100000         r
*default*        0x00000000         0xffffffff

Linker script and memory map

LOAD c:/modustoolbox/tools_2.0/gcc-7.2.1/bin/../lib/gcc/arm-none-eabi/7.2.1/thumb/v7e-m/fpv4-sp/softfp/crti.o
LOAD c:/modustoolbox/tools_2.0/gcc-7.2.1/bin/../lib/gcc/arm-none-eabi/7.2.1/thumb/v7e-m/fpv4-sp/softfp/crtbegin.o
LOAD c:/modustoolbox/tools_2.0/gcc-7.2.1/bin/../lib/gcc/arm-none-eabi/7.2.1/../../../../arm-none-eabi/lib/thumb/v7e-m/fpv4-sp/softfp/crt0.o
LOAD C:/Onethinx_Tomislav/ModusToolbox/ModusToolbox2Examples/HelloWorld_MTB2.0_API-B2/Empty_PSoC6_App/build/CY8CPROTO-063-BLE/Debug/libs/TARGET_CY8CPROTO-063-BLE/startup/TOOLCHAIN_GCC_ARM/startup_psoc6_01_cm4.o
LOAD C:/Onethinx_Tomislav/ModusToolbox/ModusToolbox2Examples/HelloWorld_MTB2.0_API-B2/Empty_PSoC6_App/build/CY8CPROTO-063-BLE/Debug/libs/psoc6pdl/drivers/source/TOOLCHAIN_GCC_ARM/cy_syslib_gcc.o
LOAD C:/Onethinx_Tomislav/ModusToolbox/ModusToolbox2Examples/HelloWorld_MTB2.0_API-B2/Empty_PSoC6_App/build/CY8CPROTO-063-BLE/Debug/.metadata/.plugins/org.eclipse.cdt.make.core/specs.o
LOAD C:/Onethinx_Tomislav/ModusToolbox/ModusToolbox2Examples/HelloWorld_MTB2.0_API-B2/Empty_PSoC6_App/build/CY8CPROTO-063-BLE/Debug/OnethinxCore/OnethinxCore01.o
LOAD C:/Onethinx_Tomislav/ModusToolbox/ModusToolbox2Examples/HelloWorld_MTB2.0_API-B2/Empty_PSoC6_App/build/CY8CPROTO-063-BLE/Debug/libs/TARGET_CY8CPROTO-063-BLE/COMPONENT_BSP_DESIGN_MODUS/GeneratedSource/cycfg.o
LOAD C:/Onethinx_Tomislav/ModusToolbox/ModusToolbox2Examples/HelloWorld_MTB2.0_API-B2/Empty_PSoC6_App/build/CY8CPROTO-063-BLE/Debug/libs/TARGET_CY8CPROTO-063-BLE/COMPONENT_BSP_DESIGN_MODUS/GeneratedSource/cycfg_clocks.o
LOAD C:/Onethinx_Tomislav/ModusToolbox/ModusToolbox2Examples/HelloWorld_MTB2.0_API-B2/Empty_PSoC6_App/build/CY8CPROTO-063-BLE/Debug/libs/TARGET_CY8CPROTO-063-BLE/COMPONENT_BSP_DESIGN_MODUS/GeneratedSource/cycfg_pins.o
LOAD C:/Onethinx_Tomislav/ModusToolbox/ModusToolbox2Examples/HelloWorld_MTB2.0_API-B2/Empty_PSoC6_App/build/CY8CPROTO-063-BLE/Debug/libs/TARGET_CY8CPROTO-063-BLE/COMPONENT_BSP_DESIGN_MODUS/GeneratedSource/cycfg_routing.o
LOAD C:/Onethinx_Tomislav/ModusToolbox/ModusToolbox2Examples/HelloWorld_MTB2.0_API-B2/Empty_PSoC6_App/build/CY8CPROTO-063-BLE/Debug/libs/TARGET_CY8CPROTO-063-BLE/COMPONENT_BSP_DESIGN_MODUS/GeneratedSource/cycfg_system.o
LOAD C:/Onethinx_Tomislav/ModusToolbox/ModusToolbox2Examples/HelloWorld_MTB2.0_API-B2/Empty_PSoC6_App/build/CY8CPROTO-063-BLE/Debug/libs/TARGET_CY8CPROTO-063-BLE/cybsp.o
LOAD C:/Onethinx_Tomislav/ModusToolbox/ModusToolbox2Examples/HelloWorld_MTB2.0_API-B2/Empty_PSoC6_App/build/CY8CPROTO-063-BLE/Debug/libs/TARGET_CY8CPROTO-063-BLE/startup/system_psoc6_cm4.o
LOAD C:/Onethinx_Tomislav/ModusToolbox/ModusToolbox2Examples/HelloWorld_MTB2.0_API-B2/Empty_PSoC6_App/build/CY8CPROTO-063-BLE/Debug/libs/capsense/cy_capsense_centroid.o
LOAD C:/Onethinx_Tomislav/ModusToolbox/ModusToolbox2Examples/HelloWorld_MTB2.0_API-B2/Empty_PSoC6_App/build/CY8CPROTO-063-BLE/Debug/libs/capsense/cy_capsense_control.o
LOAD C:/Onethinx_Tomislav/ModusToolbox/ModusToolbox2Examples/HelloWorld_MTB2.0_API-B2/Empty_PSoC6_App/build/CY8CPROTO-063-BLE/Debug/libs/capsense/cy_capsense_csd.o
LOAD C:/Onethinx_Tomislav/ModusToolbox/ModusToolbox2Examples/HelloWorld_MTB2.0_API-B2/Empty_PSoC6_App/build/CY8CPROTO-063-BLE/Debug/libs/capsense/cy_capsense_csx.o
LOAD C:/Onethinx_Tomislav/ModusToolbox/ModusToolbox2Examples/HelloWorld_MTB2.0_API-B2/Empty_PSoC6_App/build/CY8CPROTO-063-BLE/Debug/libs/capsense/cy_capsense_filter.o
LOAD C:/Onethinx_Tomislav/ModusToolbox/ModusToolbox2Examples/HelloWorld_MTB2.0_API-B2/Empty_PSoC6_App/build/CY8CPROTO-063-BLE/Debug/libs/capsense/cy_capsense_processing.o
LOAD C:/Onethinx_Tomislav/ModusToolbox/ModusToolbox2Examples/HelloWorld_MTB2.0_API-B2/Empty_PSoC6_App/build/CY8CPROTO-063-BLE/Debug/libs/capsense/cy_capsense_sensing.o
LOAD C:/Onethinx_Tomislav/ModusToolbox/ModusToolbox2Examples/HelloWorld_MTB2.0_API-B2/Empty_PSoC6_App/build/CY8CPROTO-063-BLE/Debug/libs/capsense/cy_capsense_structure.o
LOAD C:/Onethinx_Tomislav/ModusToolbox/ModusToolbox2Examples/HelloWorld_MTB2.0_API-B2/Empty_PSoC6_App/build/CY8CPROTO-063-BLE/Debug/libs/capsense/cy_capsense_tuner.o
LOAD C:/Onethinx_Tomislav/ModusToolbox/ModusToolbox2Examples/HelloWorld_MTB2.0_API-B2/Empty_PSoC6_App/build/CY8CPROTO-063-BLE/Debug/libs/psoc6cm0p/COMPONENT_CM0P_SLEEP/psoc6_01_cm0p_sleep.o
LOAD C:/Onethinx_Tomislav/ModusToolbox/ModusToolbox2Examples/HelloWorld_MTB2.0_API-B2/Empty_PSoC6_App/build/CY8CPROTO-063-BLE/Debug/libs/psoc6cm0p/COMPONENT_CM0P_SLEEP/psoc6_02_cm0p_sleep.o
LOAD C:/Onethinx_Tomislav/ModusToolbox/ModusToolbox2Examples/HelloWorld_MTB2.0_API-B2/Empty_PSoC6_App/build/CY8CPROTO-063-BLE/Debug/libs/psoc6cm0p/COMPONENT_CM0P_SLEEP/psoc6_03_cm0p_sleep.o
LOAD C:/Onethinx_Tomislav/ModusToolbox/ModusToolbox2Examples/HelloWorld_MTB2.0_API-B2/Empty_PSoC6_App/build/CY8CPROTO-063-BLE/Debug/libs/psoc6hal/src/cyhal_adc.o
LOAD C:/Onethinx_Tomislav/ModusToolbox/ModusToolbox2Examples/HelloWorld_MTB2.0_API-B2/Empty_PSoC6_App/build/CY8CPROTO-063-BLE/Debug/libs/psoc6hal/src/cyhal_analog_common.o
LOAD C:/Onethinx_Tomislav/ModusToolbox/ModusToolbox2Examples/HelloWorld_MTB2.0_API-B2/Empty_PSoC6_App/build/CY8CPROTO-063-BLE/Debug/libs/psoc6hal/src/cyhal_crc.o
LOAD C:/Onethinx_Tomislav/ModusToolbox/ModusToolbox2Examples/HelloWorld_MTB2.0_API-B2/Empty_PSoC6_App/build/CY8CPROTO-063-BLE/Debug/libs/psoc6hal/src/cyhal_crypto_common.o
LOAD C:/Onethinx_Tomislav/ModusToolbox/ModusToolbox2Examples/HelloWorld_MTB2.0_API-B2/Empty_PSoC6_App/build/CY8CPROTO-063-BLE/Debug/libs/psoc6hal/src/cyhal_dac.o
LOAD C:/Onethinx_Tomislav/ModusToolbox/ModusToolbox2Examples/HelloWorld_MTB2.0_API-B2/Empty_PSoC6_App/build/CY8CPROTO-063-BLE/Debug/libs/psoc6hal/src/cyhal_flash.o
LOAD C:/Onethinx_Tomislav/ModusToolbox/ModusToolbox2Examples/HelloWorld_MTB2.0_API-B2/Empty_PSoC6_App/build/CY8CPROTO-063-BLE/Debug/libs/psoc6hal/src/cyhal_gpio.o
LOAD C:/Onethinx_Tomislav/ModusToolbox/ModusToolbox2Examples/HelloWorld_MTB2.0_API-B2/Empty_PSoC6_App/build/CY8CPROTO-063-BLE/Debug/libs/psoc6hal/src/cyhal_hwmgr.o
LOAD C:/Onethinx_Tomislav/ModusToolbox/ModusToolbox2Examples/HelloWorld_MTB2.0_API-B2/Empty_PSoC6_App/build/CY8CPROTO-063-BLE/Debug/libs/psoc6hal/src/cyhal_i2c.o
LOAD C:/Onethinx_Tomislav/ModusToolbox/ModusToolbox2Examples/HelloWorld_MTB2.0_API-B2/Empty_PSoC6_App/build/CY8CPROTO-063-BLE/Debug/libs/psoc6hal/src/cyhal_interconnect.o
LOAD C:/Onethinx_Tomislav/ModusToolbox/ModusToolbox2Examples/HelloWorld_MTB2.0_API-B2/Empty_PSoC6_App/build/CY8CPROTO-063-BLE/Debug/libs/psoc6hal/src/cyhal_lptimer.o
LOAD C:/Onethinx_Tomislav/ModusToolbox/ModusToolbox2Examples/HelloWorld_MTB2.0_API-B2/Empty_PSoC6_App/build/CY8CPROTO-063-BLE/Debug/libs/psoc6hal/src/cyhal_not_implemented.o
LOAD C:/Onethinx_Tomislav/ModusToolbox/ModusToolbox2Examples/HelloWorld_MTB2.0_API-B2/Empty_PSoC6_App/build/CY8CPROTO-063-BLE/Debug/libs/psoc6hal/src/cyhal_pwm.o
LOAD C:/Onethinx_Tomislav/ModusToolbox/ModusToolbox2Examples/HelloWorld_MTB2.0_API-B2/Empty_PSoC6_App/build/CY8CPROTO-063-BLE/Debug/libs/psoc6hal/src/cyhal_qspi.o
LOAD C:/Onethinx_Tomislav/ModusToolbox/ModusToolbox2Examples/HelloWorld_MTB2.0_API-B2/Empty_PSoC6_App/build/CY8CPROTO-063-BLE/Debug/libs/psoc6hal/src/cyhal_rtc.o
LOAD C:/Onethinx_Tomislav/ModusToolbox/ModusToolbox2Examples/HelloWorld_MTB2.0_API-B2/Empty_PSoC6_App/build/CY8CPROTO-063-BLE/Debug/libs/psoc6hal/src/cyhal_scb_common.o
LOAD C:/Onethinx_Tomislav/ModusToolbox/ModusToolbox2Examples/HelloWorld_MTB2.0_API-B2/Empty_PSoC6_App/build/CY8CPROTO-063-BLE/Debug/libs/psoc6hal/src/cyhal_sdhc.o
LOAD C:/Onethinx_Tomislav/ModusToolbox/ModusToolbox2Examples/HelloWorld_MTB2.0_API-B2/Empty_PSoC6_App/build/CY8CPROTO-063-BLE/Debug/libs/psoc6hal/src/cyhal_spi.o
LOAD C:/Onethinx_Tomislav/ModusToolbox/ModusToolbox2Examples/HelloWorld_MTB2.0_API-B2/Empty_PSoC6_App/build/CY8CPROTO-063-BLE/Debug/libs/psoc6hal/src/cyhal_system.o
LOAD C:/Onethinx_Tomislav/ModusToolbox/ModusToolbox2Examples/HelloWorld_MTB2.0_API-B2/Empty_PSoC6_App/build/CY8CPROTO-063-BLE/Debug/libs/psoc6hal/src/cyhal_tcpwm_common.o
LOAD C:/Onethinx_Tomislav/ModusToolbox/ModusToolbox2Examples/HelloWorld_MTB2.0_API-B2/Empty_PSoC6_App/build/CY8CPROTO-063-BLE/Debug/libs/psoc6hal/src/cyhal_timer.o
LOAD C:/Onethinx_Tomislav/ModusToolbox/ModusToolbox2Examples/HelloWorld_MTB2.0_API-B2/Empty_PSoC6_App/build/CY8CPROTO-063-BLE/Debug/libs/psoc6hal/src/cyhal_trng.o
LOAD C:/Onethinx_Tomislav/ModusToolbox/ModusToolbox2Examples/HelloWorld_MTB2.0_API-B2/Empty_PSoC6_App/build/CY8CPROTO-063-BLE/Debug/libs/psoc6hal/src/cyhal_uart.o
LOAD C:/Onethinx_Tomislav/ModusToolbox/ModusToolbox2Examples/HelloWorld_MTB2.0_API-B2/Empty_PSoC6_App/build/CY8CPROTO-063-BLE/Debug/libs/psoc6hal/src/cyhal_udb_sdio.o
LOAD C:/Onethinx_Tomislav/ModusToolbox/ModusToolbox2Examples/HelloWorld_MTB2.0_API-B2/Empty_PSoC6_App/build/CY8CPROTO-063-BLE/Debug/libs/psoc6hal/src/cyhal_usb_dev.o
LOAD C:/Onethinx_Tomislav/ModusToolbox/ModusToolbox2Examples/HelloWorld_MTB2.0_API-B2/Empty_PSoC6_App/build/CY8CPROTO-063-BLE/Debug/libs/psoc6hal/src/cyhal_utils.o
LOAD C:/Onethinx_Tomislav/ModusToolbox/ModusToolbox2Examples/HelloWorld_MTB2.0_API-B2/Empty_PSoC6_App/build/CY8CPROTO-063-BLE/Debug/libs/psoc6hal/src/cyhal_wdt.o
LOAD C:/Onethinx_Tomislav/ModusToolbox/ModusToolbox2Examples/HelloWorld_MTB2.0_API-B2/Empty_PSoC6_App/build/CY8CPROTO-063-BLE/Debug/libs/psoc6hal/src/pin_packages/cyhal_psoc6_01_104_m_csp_ble.o
LOAD C:/Onethinx_Tomislav/ModusToolbox/ModusToolbox2Examples/HelloWorld_MTB2.0_API-B2/Empty_PSoC6_App/build/CY8CPROTO-063-BLE/Debug/libs/psoc6hal/src/pin_packages/cyhal_psoc6_01_104_m_csp_ble_usb.o
LOAD C:/Onethinx_Tomislav/ModusToolbox/ModusToolbox2Examples/HelloWorld_MTB2.0_API-B2/Empty_PSoC6_App/build/CY8CPROTO-063-BLE/Debug/libs/psoc6hal/src/pin_packages/cyhal_psoc6_01_116_bga_ble.o
LOAD C:/Onethinx_Tomislav/ModusToolbox/ModusToolbox2Examples/HelloWorld_MTB2.0_API-B2/Empty_PSoC6_App/build/CY8CPROTO-063-BLE/Debug/libs/psoc6hal/src/pin_packages/cyhal_psoc6_01_116_bga_usb.o
LOAD C:/Onethinx_Tomislav/ModusToolbox/ModusToolbox2Examples/HelloWorld_MTB2.0_API-B2/Empty_PSoC6_App/build/CY8CPROTO-063-BLE/Debug/libs/psoc6hal/src/pin_packages/cyhal_psoc6_01_124_bga.o
LOAD C:/Onethinx_Tomislav/ModusToolbox/ModusToolbox2Examples/HelloWorld_MTB2.0_API-B2/Empty_PSoC6_App/build/CY8CPROTO-063-BLE/Debug/libs/psoc6hal/src/pin_packages/cyhal_psoc6_01_124_bga_sip.o
LOAD C:/Onethinx_Tomislav/ModusToolbox/ModusToolbox2Examples/HelloWorld_MTB2.0_API-B2/Empty_PSoC6_App/build/CY8CPROTO-063-BLE/Debug/libs/psoc6hal/src/pin_packages/cyhal_psoc6_01_43_smt.o
LOAD C:/Onethinx_Tomislav/ModusToolbox/ModusToolbox2Examples/HelloWorld_MTB2.0_API-B2/Empty_PSoC6_App/build/CY8CPROTO-063-BLE/Debug/libs/psoc6hal/src/pin_packages/cyhal_psoc6_01_68_qfn_ble.o
LOAD C:/Onethinx_Tomislav/ModusToolbox/ModusToolbox2Examples/HelloWorld_MTB2.0_API-B2/Empty_PSoC6_App/build/CY8CPROTO-063-BLE/Debug/libs/psoc6hal/src/pin_packages/cyhal_psoc6_01_80_wlcsp.o
LOAD C:/Onethinx_Tomislav/ModusToolbox/ModusToolbox2Examples/HelloWorld_MTB2.0_API-B2/Empty_PSoC6_App/build/CY8CPROTO-063-BLE/Debug/libs/psoc6hal/src/pin_packages/cyhal_psoc6_02_100_wlcsp.o
LOAD C:/Onethinx_Tomislav/ModusToolbox/ModusToolbox2Examples/HelloWorld_MTB2.0_API-B2/Empty_PSoC6_App/build/CY8CPROTO-063-BLE/Debug/libs/psoc6hal/src/pin_packages/cyhal_psoc6_02_124_bga.o
LOAD C:/Onethinx_Tomislav/ModusToolbox/ModusToolbox2Examples/HelloWorld_MTB2.0_API-B2/Empty_PSoC6_App/build/CY8CPROTO-063-BLE/Debug/libs/psoc6hal/src/pin_packages/cyhal_psoc6_02_128_tqfp.o
LOAD C:/Onethinx_Tomislav/ModusToolbox/ModusToolbox2Examples/HelloWorld_MTB2.0_API-B2/Empty_PSoC6_App/build/CY8CPROTO-063-BLE/Debug/libs/psoc6hal/src/pin_packages/cyhal_psoc6_02_68_qfn.o
LOAD C:/Onethinx_Tomislav/ModusToolbox/ModusToolbox2Examples/HelloWorld_MTB2.0_API-B2/Empty_PSoC6_App/build/CY8CPROTO-063-BLE/Debug/libs/psoc6hal/src/pin_packages/cyhal_psoc6_03_100_tqfp.o
LOAD C:/Onethinx_Tomislav/ModusToolbox/ModusToolbox2Examples/HelloWorld_MTB2.0_API-B2/Empty_PSoC6_App/build/CY8CPROTO-063-BLE/Debug/libs/psoc6hal/src/pin_packages/cyhal_psoc6_03_49_wlcsp.o
LOAD C:/Onethinx_Tomislav/ModusToolbox/ModusToolbox2Examples/HelloWorld_MTB2.0_API-B2/Empty_PSoC6_App/build/CY8CPROTO-063-BLE/Debug/libs/psoc6hal/src/pin_packages/cyhal_psoc6_03_68_qfn.o
LOAD C:/Onethinx_Tomislav/ModusToolbox/ModusToolbox2Examples/HelloWorld_MTB2.0_API-B2/Empty_PSoC6_App/build/CY8CPROTO-063-BLE/Debug/libs/psoc6pdl/drivers/source/cy_ble_clk.o
LOAD C:/Onethinx_Tomislav/ModusToolbox/ModusToolbox2Examples/HelloWorld_MTB2.0_API-B2/Empty_PSoC6_App/build/CY8CPROTO-063-BLE/Debug/libs/psoc6pdl/drivers/source/cy_canfd.o
LOAD C:/Onethinx_Tomislav/ModusToolbox/ModusToolbox2Examples/HelloWorld_MTB2.0_API-B2/Empty_PSoC6_App/build/CY8CPROTO-063-BLE/Debug/libs/psoc6pdl/drivers/source/cy_crypto.o
LOAD C:/Onethinx_Tomislav/ModusToolbox/ModusToolbox2Examples/HelloWorld_MTB2.0_API-B2/Empty_PSoC6_App/build/CY8CPROTO-063-BLE/Debug/libs/psoc6pdl/drivers/source/cy_crypto_core_aes_v1.o
LOAD C:/Onethinx_Tomislav/ModusToolbox/ModusToolbox2Examples/HelloWorld_MTB2.0_API-B2/Empty_PSoC6_App/build/CY8CPROTO-063-BLE/Debug/libs/psoc6pdl/drivers/source/cy_crypto_core_aes_v2.o
LOAD C:/Onethinx_Tomislav/ModusToolbox/ModusToolbox2Examples/HelloWorld_MTB2.0_API-B2/Empty_PSoC6_App/build/CY8CPROTO-063-BLE/Debug/libs/psoc6pdl/drivers/source/cy_crypto_core_cmac_v1.o
LOAD C:/Onethinx_Tomislav/ModusToolbox/ModusToolbox2Examples/HelloWorld_MTB2.0_API-B2/Empty_PSoC6_App/build/CY8CPROTO-063-BLE/Debug/libs/psoc6pdl/drivers/source/cy_crypto_core_cmac_v2.o
LOAD C:/Onethinx_Tomislav/ModusToolbox/ModusToolbox2Examples/HelloWorld_MTB2.0_API-B2/Empty_PSoC6_App/build/CY8CPROTO-063-BLE/Debug/libs/psoc6pdl/drivers/source/cy_crypto_core_crc_v1.o
LOAD C:/Onethinx_Tomislav/ModusToolbox/ModusToolbox2Examples/HelloWorld_MTB2.0_API-B2/Empty_PSoC6_App/build/CY8CPROTO-063-BLE/Debug/libs/psoc6pdl/drivers/source/cy_crypto_core_crc_v2.o
LOAD C:/Onethinx_Tomislav/ModusToolbox/ModusToolbox2Examples/HelloWorld_MTB2.0_API-B2/Empty_PSoC6_App/build/CY8CPROTO-063-BLE/Debug/libs/psoc6pdl/drivers/source/cy_crypto_core_des_v1.o
LOAD C:/Onethinx_Tomislav/ModusToolbox/ModusToolbox2Examples/HelloWorld_MTB2.0_API-B2/Empty_PSoC6_App/build/CY8CPROTO-063-BLE/Debug/libs/psoc6pdl/drivers/source/cy_crypto_core_des_v2.o
LOAD C:/Onethinx_Tomislav/ModusToolbox/ModusToolbox2Examples/HelloWorld_MTB2.0_API-B2/Empty_PSoC6_App/build/CY8CPROTO-063-BLE/Debug/libs/psoc6pdl/drivers/source/cy_crypto_core_ecc_domain_params.o
LOAD C:/Onethinx_Tomislav/ModusToolbox/ModusToolbox2Examples/HelloWorld_MTB2.0_API-B2/Empty_PSoC6_App/build/CY8CPROTO-063-BLE/Debug/libs/psoc6pdl/drivers/source/cy_crypto_core_ecc_ecdsa.o
LOAD C:/Onethinx_Tomislav/ModusToolbox/ModusToolbox2Examples/HelloWorld_MTB2.0_API-B2/Empty_PSoC6_App/build/CY8CPROTO-063-BLE/Debug/libs/psoc6pdl/drivers/source/cy_crypto_core_ecc_key_gen.o
LOAD C:/Onethinx_Tomislav/ModusToolbox/ModusToolbox2Examples/HelloWorld_MTB2.0_API-B2/Empty_PSoC6_App/build/CY8CPROTO-063-BLE/Debug/libs/psoc6pdl/drivers/source/cy_crypto_core_ecc_nist_p.o
LOAD C:/Onethinx_Tomislav/ModusToolbox/ModusToolbox2Examples/HelloWorld_MTB2.0_API-B2/Empty_PSoC6_App/build/CY8CPROTO-063-BLE/Debug/libs/psoc6pdl/drivers/source/cy_crypto_core_hmac_v1.o
LOAD C:/Onethinx_Tomislav/ModusToolbox/ModusToolbox2Examples/HelloWorld_MTB2.0_API-B2/Empty_PSoC6_App/build/CY8CPROTO-063-BLE/Debug/libs/psoc6pdl/drivers/source/cy_crypto_core_hmac_v2.o
LOAD C:/Onethinx_Tomislav/ModusToolbox/ModusToolbox2Examples/HelloWorld_MTB2.0_API-B2/Empty_PSoC6_App/build/CY8CPROTO-063-BLE/Debug/libs/psoc6pdl/drivers/source/cy_crypto_core_hw.o
LOAD C:/Onethinx_Tomislav/ModusToolbox/ModusToolbox2Examples/HelloWorld_MTB2.0_API-B2/Empty_PSoC6_App/build/CY8CPROTO-063-BLE/Debug/libs/psoc6pdl/drivers/source/cy_crypto_core_hw_v1.o
LOAD C:/Onethinx_Tomislav/ModusToolbox/ModusToolbox2Examples/HelloWorld_MTB2.0_API-B2/Empty_PSoC6_App/build/CY8CPROTO-063-BLE/Debug/libs/psoc6pdl/drivers/source/cy_crypto_core_mem_v1.o
LOAD C:/Onethinx_Tomislav/ModusToolbox/ModusToolbox2Examples/HelloWorld_MTB2.0_API-B2/Empty_PSoC6_App/build/CY8CPROTO-063-BLE/Debug/libs/psoc6pdl/drivers/source/cy_crypto_core_mem_v2.o
LOAD C:/Onethinx_Tomislav/ModusToolbox/ModusToolbox2Examples/HelloWorld_MTB2.0_API-B2/Empty_PSoC6_App/build/CY8CPROTO-063-BLE/Debug/libs/psoc6pdl/drivers/source/cy_crypto_core_prng_v1.o
LOAD C:/Onethinx_Tomislav/ModusToolbox/ModusToolbox2Examples/HelloWorld_MTB2.0_API-B2/Empty_PSoC6_App/build/CY8CPROTO-063-BLE/Debug/libs/psoc6pdl/drivers/source/cy_crypto_core_prng_v2.o
LOAD C:/Onethinx_Tomislav/ModusToolbox/ModusToolbox2Examples/HelloWorld_MTB2.0_API-B2/Empty_PSoC6_App/build/CY8CPROTO-063-BLE/Debug/libs/psoc6pdl/drivers/source/cy_crypto_core_rsa.o
LOAD C:/Onethinx_Tomislav/ModusToolbox/ModusToolbox2Examples/HelloWorld_MTB2.0_API-B2/Empty_PSoC6_App/build/CY8CPROTO-063-BLE/Debug/libs/psoc6pdl/drivers/source/cy_crypto_core_sha_v1.o
LOAD C:/Onethinx_Tomislav/ModusToolbox/ModusToolbox2Examples/HelloWorld_MTB2.0_API-B2/Empty_PSoC6_App/build/CY8CPROTO-063-BLE/Debug/libs/psoc6pdl/drivers/source/cy_crypto_core_sha_v2.o
LOAD C:/Onethinx_Tomislav/ModusToolbox/ModusToolbox2Examples/HelloWorld_MTB2.0_API-B2/Empty_PSoC6_App/build/CY8CPROTO-063-BLE/Debug/libs/psoc6pdl/drivers/source/cy_crypto_core_trng_v1.o
LOAD C:/Onethinx_Tomislav/ModusToolbox/ModusToolbox2Examples/HelloWorld_MTB2.0_API-B2/Empty_PSoC6_App/build/CY8CPROTO-063-BLE/Debug/libs/psoc6pdl/drivers/source/cy_crypto_core_trng_v2.o
LOAD C:/Onethinx_Tomislav/ModusToolbox/ModusToolbox2Examples/HelloWorld_MTB2.0_API-B2/Empty_PSoC6_App/build/CY8CPROTO-063-BLE/Debug/libs/psoc6pdl/drivers/source/cy_crypto_core_vu.o
LOAD C:/Onethinx_Tomislav/ModusToolbox/ModusToolbox2Examples/HelloWorld_MTB2.0_API-B2/Empty_PSoC6_App/build/CY8CPROTO-063-BLE/Debug/libs/psoc6pdl/drivers/source/cy_crypto_server.o
LOAD C:/Onethinx_Tomislav/ModusToolbox/ModusToolbox2Examples/HelloWorld_MTB2.0_API-B2/Empty_PSoC6_App/build/CY8CPROTO-063-BLE/Debug/libs/psoc6pdl/drivers/source/cy_csd.o
LOAD C:/Onethinx_Tomislav/ModusToolbox/ModusToolbox2Examples/HelloWorld_MTB2.0_API-B2/Empty_PSoC6_App/build/CY8CPROTO-063-BLE/Debug/libs/psoc6pdl/drivers/source/cy_ctb.o
LOAD C:/Onethinx_Tomislav/ModusToolbox/ModusToolbox2Examples/HelloWorld_MTB2.0_API-B2/Empty_PSoC6_App/build/CY8CPROTO-063-BLE/Debug/libs/psoc6pdl/drivers/source/cy_ctdac.o
LOAD C:/Onethinx_Tomislav/ModusToolbox/ModusToolbox2Examples/HelloWorld_MTB2.0_API-B2/Empty_PSoC6_App/build/CY8CPROTO-063-BLE/Debug/libs/psoc6pdl/drivers/source/cy_device.o
LOAD C:/Onethinx_Tomislav/ModusToolbox/ModusToolbox2Examples/HelloWorld_MTB2.0_API-B2/Empty_PSoC6_App/build/CY8CPROTO-063-BLE/Debug/libs/psoc6pdl/drivers/source/cy_dma.o
LOAD C:/Onethinx_Tomislav/ModusToolbox/ModusToolbox2Examples/HelloWorld_MTB2.0_API-B2/Empty_PSoC6_App/build/CY8CPROTO-063-BLE/Debug/libs/psoc6pdl/drivers/source/cy_dmac.o
LOAD C:/Onethinx_Tomislav/ModusToolbox/ModusToolbox2Examples/HelloWorld_MTB2.0_API-B2/Empty_PSoC6_App/build/CY8CPROTO-063-BLE/Debug/libs/psoc6pdl/drivers/source/cy_efuse.o
LOAD C:/Onethinx_Tomislav/ModusToolbox/ModusToolbox2Examples/HelloWorld_MTB2.0_API-B2/Empty_PSoC6_App/build/CY8CPROTO-063-BLE/Debug/libs/psoc6pdl/drivers/source/cy_flash.o
LOAD C:/Onethinx_Tomislav/ModusToolbox/ModusToolbox2Examples/HelloWorld_MTB2.0_API-B2/Empty_PSoC6_App/build/CY8CPROTO-063-BLE/Debug/libs/psoc6pdl/drivers/source/cy_gpio.o
LOAD C:/Onethinx_Tomislav/ModusToolbox/ModusToolbox2Examples/HelloWorld_MTB2.0_API-B2/Empty_PSoC6_App/build/CY8CPROTO-063-BLE/Debug/libs/psoc6pdl/drivers/source/cy_i2s.o
LOAD C:/Onethinx_Tomislav/ModusToolbox/ModusToolbox2Examples/HelloWorld_MTB2.0_API-B2/Empty_PSoC6_App/build/CY8CPROTO-063-BLE/Debug/libs/psoc6pdl/drivers/source/cy_ipc_drv.o
LOAD C:/Onethinx_Tomislav/ModusToolbox/ModusToolbox2Examples/HelloWorld_MTB2.0_API-B2/Empty_PSoC6_App/build/CY8CPROTO-063-BLE/Debug/libs/psoc6pdl/drivers/source/cy_ipc_pipe.o
LOAD C:/Onethinx_Tomislav/ModusToolbox/ModusToolbox2Examples/HelloWorld_MTB2.0_API-B2/Empty_PSoC6_App/build/CY8CPROTO-063-BLE/Debug/libs/psoc6pdl/drivers/source/cy_ipc_sema.o
LOAD C:/Onethinx_Tomislav/ModusToolbox/ModusToolbox2Examples/HelloWorld_MTB2.0_API-B2/Empty_PSoC6_App/build/CY8CPROTO-063-BLE/Debug/libs/psoc6pdl/drivers/source/cy_lpcomp.o
LOAD C:/Onethinx_Tomislav/ModusToolbox/ModusToolbox2Examples/HelloWorld_MTB2.0_API-B2/Empty_PSoC6_App/build/CY8CPROTO-063-BLE/Debug/libs/psoc6pdl/drivers/source/cy_lvd.o
LOAD C:/Onethinx_Tomislav/ModusToolbox/ModusToolbox2Examples/HelloWorld_MTB2.0_API-B2/Empty_PSoC6_App/build/CY8CPROTO-063-BLE/Debug/libs/psoc6pdl/drivers/source/cy_mcwdt.o
LOAD C:/Onethinx_Tomislav/ModusToolbox/ModusToolbox2Examples/HelloWorld_MTB2.0_API-B2/Empty_PSoC6_App/build/CY8CPROTO-063-BLE/Debug/libs/psoc6pdl/drivers/source/cy_pdm_pcm.o
LOAD C:/Onethinx_Tomislav/ModusToolbox/ModusToolbox2Examples/HelloWorld_MTB2.0_API-B2/Empty_PSoC6_App/build/CY8CPROTO-063-BLE/Debug/libs/psoc6pdl/drivers/source/cy_profile.o
LOAD C:/Onethinx_Tomislav/ModusToolbox/ModusToolbox2Examples/HelloWorld_MTB2.0_API-B2/Empty_PSoC6_App/build/CY8CPROTO-063-BLE/Debug/libs/psoc6pdl/drivers/source/cy_prot.o
LOAD C:/Onethinx_Tomislav/ModusToolbox/ModusToolbox2Examples/HelloWorld_MTB2.0_API-B2/Empty_PSoC6_App/build/CY8CPROTO-063-BLE/Debug/libs/psoc6pdl/drivers/source/cy_rtc.o
LOAD C:/Onethinx_Tomislav/ModusToolbox/ModusToolbox2Examples/HelloWorld_MTB2.0_API-B2/Empty_PSoC6_App/build/CY8CPROTO-063-BLE/Debug/libs/psoc6pdl/drivers/source/cy_sar.o
LOAD C:/Onethinx_Tomislav/ModusToolbox/ModusToolbox2Examples/HelloWorld_MTB2.0_API-B2/Empty_PSoC6_App/build/CY8CPROTO-063-BLE/Debug/libs/psoc6pdl/drivers/source/cy_scb_common.o
LOAD C:/Onethinx_Tomislav/ModusToolbox/ModusToolbox2Examples/HelloWorld_MTB2.0_API-B2/Empty_PSoC6_App/build/CY8CPROTO-063-BLE/Debug/libs/psoc6pdl/drivers/source/cy_scb_ezi2c.o
LOAD C:/Onethinx_Tomislav/ModusToolbox/ModusToolbox2Examples/HelloWorld_MTB2.0_API-B2/Empty_PSoC6_App/build/CY8CPROTO-063-BLE/Debug/libs/psoc6pdl/drivers/source/cy_scb_i2c.o
LOAD C:/Onethinx_Tomislav/ModusToolbox/ModusToolbox2Examples/HelloWorld_MTB2.0_API-B2/Empty_PSoC6_App/build/CY8CPROTO-063-BLE/Debug/libs/psoc6pdl/drivers/source/cy_scb_spi.o
LOAD C:/Onethinx_Tomislav/ModusToolbox/ModusToolbox2Examples/HelloWorld_MTB2.0_API-B2/Empty_PSoC6_App/build/CY8CPROTO-063-BLE/Debug/libs/psoc6pdl/drivers/source/cy_scb_uart.o
LOAD C:/Onethinx_Tomislav/ModusToolbox/ModusToolbox2Examples/HelloWorld_MTB2.0_API-B2/Empty_PSoC6_App/build/CY8CPROTO-063-BLE/Debug/libs/psoc6pdl/drivers/source/cy_sd_host.o
LOAD C:/Onethinx_Tomislav/ModusToolbox/ModusToolbox2Examples/HelloWorld_MTB2.0_API-B2/Empty_PSoC6_App/build/CY8CPROTO-063-BLE/Debug/libs/psoc6pdl/drivers/source/cy_seglcd.o
LOAD C:/Onethinx_Tomislav/ModusToolbox/ModusToolbox2Examples/HelloWorld_MTB2.0_API-B2/Empty_PSoC6_App/build/CY8CPROTO-063-BLE/Debug/libs/psoc6pdl/drivers/source/cy_smartio.o
LOAD C:/Onethinx_Tomislav/ModusToolbox/ModusToolbox2Examples/HelloWorld_MTB2.0_API-B2/Empty_PSoC6_App/build/CY8CPROTO-063-BLE/Debug/libs/psoc6pdl/drivers/source/cy_smif.o
LOAD C:/Onethinx_Tomislav/ModusToolbox/ModusToolbox2Examples/HelloWorld_MTB2.0_API-B2/Empty_PSoC6_App/build/CY8CPROTO-063-BLE/Debug/libs/psoc6pdl/drivers/source/cy_smif_memslot.o
LOAD C:/Onethinx_Tomislav/ModusToolbox/ModusToolbox2Examples/HelloWorld_MTB2.0_API-B2/Empty_PSoC6_App/build/CY8CPROTO-063-BLE/Debug/libs/psoc6pdl/drivers/source/cy_sysanalog.o
LOAD C:/Onethinx_Tomislav/ModusToolbox/ModusToolbox2Examples/HelloWorld_MTB2.0_API-B2/Empty_PSoC6_App/build/CY8CPROTO-063-BLE/Debug/libs/psoc6pdl/drivers/source/cy_sysclk.o
LOAD C:/Onethinx_Tomislav/ModusToolbox/ModusToolbox2Examples/HelloWorld_MTB2.0_API-B2/Empty_PSoC6_App/build/CY8CPROTO-063-BLE/Debug/libs/psoc6pdl/drivers/source/cy_sysint.o
LOAD C:/Onethinx_Tomislav/ModusToolbox/ModusToolbox2Examples/HelloWorld_MTB2.0_API-B2/Empty_PSoC6_App/build/CY8CPROTO-063-BLE/Debug/libs/psoc6pdl/drivers/source/cy_syslib.o
LOAD C:/Onethinx_Tomislav/ModusToolbox/ModusToolbox2Examples/HelloWorld_MTB2.0_API-B2/Empty_PSoC6_App/build/CY8CPROTO-063-BLE/Debug/libs/psoc6pdl/drivers/source/cy_syspm.o
LOAD C:/Onethinx_Tomislav/ModusToolbox/ModusToolbox2Examples/HelloWorld_MTB2.0_API-B2/Empty_PSoC6_App/build/CY8CPROTO-063-BLE/Debug/libs/psoc6pdl/drivers/source/cy_systick.o
LOAD C:/Onethinx_Tomislav/ModusToolbox/ModusToolbox2Examples/HelloWorld_MTB2.0_API-B2/Empty_PSoC6_App/build/CY8CPROTO-063-BLE/Debug/libs/psoc6pdl/drivers/source/cy_tcpwm_counter.o
LOAD C:/Onethinx_Tomislav/ModusToolbox/ModusToolbox2Examples/HelloWorld_MTB2.0_API-B2/Empty_PSoC6_App/build/CY8CPROTO-063-BLE/Debug/libs/psoc6pdl/drivers/source/cy_tcpwm_pwm.o
LOAD C:/Onethinx_Tomislav/ModusToolbox/ModusToolbox2Examples/HelloWorld_MTB2.0_API-B2/Empty_PSoC6_App/build/CY8CPROTO-063-BLE/Debug/libs/psoc6pdl/drivers/source/cy_tcpwm_quaddec.o
LOAD C:/Onethinx_Tomislav/ModusToolbox/ModusToolbox2Examples/HelloWorld_MTB2.0_API-B2/Empty_PSoC6_App/build/CY8CPROTO-063-BLE/Debug/libs/psoc6pdl/drivers/source/cy_trigmux.o
LOAD C:/Onethinx_Tomislav/ModusToolbox/ModusToolbox2Examples/HelloWorld_MTB2.0_API-B2/Empty_PSoC6_App/build/CY8CPROTO-063-BLE/Debug/libs/psoc6pdl/drivers/source/cy_usbfs_dev_drv.o
LOAD C:/Onethinx_Tomislav/ModusToolbox/ModusToolbox2Examples/HelloWorld_MTB2.0_API-B2/Empty_PSoC6_App/build/CY8CPROTO-063-BLE/Debug/libs/psoc6pdl/drivers/source/cy_usbfs_dev_drv_io.o
LOAD C:/Onethinx_Tomislav/ModusToolbox/ModusToolbox2Examples/HelloWorld_MTB2.0_API-B2/Empty_PSoC6_App/build/CY8CPROTO-063-BLE/Debug/libs/psoc6pdl/drivers/source/cy_usbfs_dev_drv_io_dma.o
LOAD C:/Onethinx_Tomislav/ModusToolbox/ModusToolbox2Examples/HelloWorld_MTB2.0_API-B2/Empty_PSoC6_App/build/CY8CPROTO-063-BLE/Debug/libs/psoc6pdl/drivers/source/cy_wdt.o
LOAD C:/Onethinx_Tomislav/ModusToolbox/ModusToolbox2Examples/HelloWorld_MTB2.0_API-B2/Empty_PSoC6_App/build/CY8CPROTO-063-BLE/Debug/main.o
LOAD C:/Onethinx_Tomislav/ModusToolbox/ModusToolbox2Examples/HelloWorld_MTB2.0_API-B2/Empty_PSoC6_App/build/CY8CPROTO-063-BLE/Debug/.metadata/.plugins/org.eclipse.cdt.make.core/specs.o
START GROUP
LOAD ./libs/capsense/COMPONENT_SOFTFP/TOOLCHAIN_GCC_ARM/libcy_capsense.a
END GROUP
LOAD c:/modustoolbox/tools_2.0/gcc-7.2.1/bin/../lib/gcc/arm-none-eabi/7.2.1/../../../../arm-none-eabi/lib/thumb/v7e-m/fpv4-sp/softfp\libstdc++_nano.a
LOAD c:/modustoolbox/tools_2.0/gcc-7.2.1/bin/../lib/gcc/arm-none-eabi/7.2.1/../../../../arm-none-eabi/lib/thumb/v7e-m/fpv4-sp/softfp\libm.a
START GROUP
LOAD c:/modustoolbox/tools_2.0/gcc-7.2.1/bin/../lib/gcc/arm-none-eabi/7.2.1/thumb/v7e-m/fpv4-sp/softfp\libgcc.a
LOAD c:/modustoolbox/tools_2.0/gcc-7.2.1/bin/../lib/gcc/arm-none-eabi/7.2.1/../../../../arm-none-eabi/lib/thumb/v7e-m/fpv4-sp/softfp\libg_nano.a
LOAD c:/modustoolbox/tools_2.0/gcc-7.2.1/bin/../lib/gcc/arm-none-eabi/7.2.1/../../../../arm-none-eabi/lib/thumb/v7e-m/fpv4-sp/softfp\libc_nano.a
END GROUP
START GROUP
LOAD c:/modustoolbox/tools_2.0/gcc-7.2.1/bin/../lib/gcc/arm-none-eabi/7.2.1/thumb/v7e-m/fpv4-sp/softfp\libgcc.a
LOAD c:/modustoolbox/tools_2.0/gcc-7.2.1/bin/../lib/gcc/arm-none-eabi/7.2.1/../../../../arm-none-eabi/lib/thumb/v7e-m/fpv4-sp/softfp\libc_nano.a
END GROUP
LOAD c:/modustoolbox/tools_2.0/gcc-7.2.1/bin/../lib/gcc/arm-none-eabi/7.2.1/thumb/v7e-m/fpv4-sp/softfp/crtend.o
LOAD c:/modustoolbox/tools_2.0/gcc-7.2.1/bin/../lib/gcc/arm-none-eabi/7.2.1/thumb/v7e-m/fpv4-sp/softfp/crtn.o
START GROUP
LOAD c:/modustoolbox/tools_2.0/gcc-7.2.1/bin/../lib/gcc/arm-none-eabi/7.2.1/thumb/v7e-m/fpv4-sp/softfp\libgcc.a
LOAD c:/modustoolbox/tools_2.0/gcc-7.2.1/bin/../lib/gcc/arm-none-eabi/7.2.1/../../../../arm-none-eabi/lib/thumb/v7e-m/fpv4-sp/softfp\libc.a
LOAD c:/modustoolbox/tools_2.0/gcc-7.2.1/bin/../lib/gcc/arm-none-eabi/7.2.1/../../../../arm-none-eabi/lib/thumb/v7e-m/fpv4-sp/softfp\libnosys.a
END GROUP
                0x10000000                __cy_app_verify_start = 0x10000000
                0x000dff00                __cy_app_verify_length = 0xdff00
START GROUP
LOAD c:/modustoolbox/tools_2.0/gcc-7.2.1/bin/../lib/gcc/arm-none-eabi/7.2.1/thumb/v7e-m/fpv4-sp/softfp\libgcc.a
LOAD c:/modustoolbox/tools_2.0/gcc-7.2.1/bin/../lib/gcc/arm-none-eabi/7.2.1/../../../../arm-none-eabi/lib/thumb/v7e-m/fpv4-sp/softfp\libc.a
LOAD c:/modustoolbox/tools_2.0/gcc-7.2.1/bin/../lib/gcc/arm-none-eabi/7.2.1/../../../../arm-none-eabi/lib/thumb/v7e-m/fpv4-sp/softfp\libm.a
LOAD c:/modustoolbox/tools_2.0/gcc-7.2.1/bin/../lib/gcc/arm-none-eabi/7.2.1/../../../../arm-none-eabi/lib/thumb/v7e-m/fpv4-sp/softfp\libnosys.a
END GROUP

.text           0x10000000     0x23e0
                0x10000000                __Vectors = .
 *(.vectors)
 .vectors       0x10000000      0x28c C:/Onethinx_Tomislav/ModusToolbox/ModusToolbox2Examples/HelloWorld_MTB2.0_API-B2/Empty_PSoC6_App/build/CY8CPROTO-063-BLE/Debug/libs/TARGET_CY8CPROTO-063-BLE/startup/TOOLCHAIN_GCC_ARM/startup_psoc6_01_cm4.o
                0x1000028c                . = ALIGN (0x4)
                0x1000028c                __Vectors_End = .
                0x0000028c                __Vectors_Size = (__Vectors_End - __Vectors)
                0x1000028c                __end__ = .
                0x1000028c                . = ALIGN (0x4)
 *(.text*)
 .text          0x1000028c       0x40 c:/modustoolbox/tools_2.0/gcc-7.2.1/bin/../lib/gcc/arm-none-eabi/7.2.1/thumb/v7e-m/fpv4-sp/softfp/crtbegin.o
 .text          0x100002cc       0x94 C:/Onethinx_Tomislav/ModusToolbox/ModusToolbox2Examples/HelloWorld_MTB2.0_API-B2/Empty_PSoC6_App/build/CY8CPROTO-063-BLE/Debug/libs/TARGET_CY8CPROTO-063-BLE/startup/TOOLCHAIN_GCC_ARM/startup_psoc6_01_cm4.o
                0x100002cc                Cy_OnResetUser
                0x100002ce                cy_toolchain_init
                0x100002d0                Reset_Handler
                0x10000340                DebugMon_Handler
                0x10000340                tcpwm_1_interrupts_11_IRQHandler
                0x10000340                cpuss_interrupts_ipc_0_IRQHandler
                0x10000340                tcpwm_1_interrupts_15_IRQHandler
                0x10000340                ioss_interrupts_gpio_13_IRQHandler
                0x10000340                tcpwm_1_interrupts_13_IRQHandler
                0x10000340                cpuss_interrupts_dw1_8_IRQHandler
                0x10000340                tcpwm_0_interrupts_0_IRQHandler
                0x10000340                SysTick_Handler
                0x10000340                cpuss_interrupt_fm_IRQHandler
                0x10000340                cpuss_interrupts_ipc_7_IRQHandler
                0x10000340                tcpwm_1_interrupts_14_IRQHandler
                0x10000340                cpuss_interrupts_dw0_11_IRQHandler
                0x10000340                tcpwm_1_interrupts_9_IRQHandler
                0x10000340                cpuss_interrupts_cm0_cti_1_IRQHandler
                0x10000340                tcpwm_1_interrupts_22_IRQHandler
                0x10000340                cpuss_interrupts_dw0_4_IRQHandler
                0x10000340                PendSV_Handler
                0x10000340                NMI_Handler
                0x10000340                cpuss_interrupts_dw1_12_IRQHandler
                0x10000340                tcpwm_1_interrupts_12_IRQHandler
                0x10000340                smif_interrupt_IRQHandler
                0x10000340                tcpwm_1_interrupts_2_IRQHandler
                0x10000340                cpuss_interrupts_ipc_13_IRQHandler
                0x10000340                udb_interrupts_11_IRQHandler
                0x10000340                tcpwm_1_interrupts_18_IRQHandler
                0x10000340                cpuss_interrupts_ipc_6_IRQHandler
                0x10000340                tcpwm_0_interrupts_2_IRQHandler
                0x10000340                cpuss_interrupts_dw0_13_IRQHandler
                0x10000340                udb_interrupts_2_IRQHandler
                0x10000340                cpuss_interrupts_dw0_5_IRQHandler
                0x10000340                ioss_interrupts_gpio_1_IRQHandler
                0x10000340                ioss_interrupts_gpio_7_IRQHandler
                0x10000340                scb_5_interrupt_IRQHandler
                0x10000340                udb_interrupts_6_IRQHandler
                0x10000340                cpuss_interrupts_fault_1_IRQHandler
                0x10000340                cpuss_interrupts_ipc_4_IRQHandler
                0x10000340                cpuss_interrupts_ipc_5_IRQHandler
                0x10000340                cpuss_interrupts_dw1_10_IRQHandler
                0x10000340                udb_interrupts_0_IRQHandler
                0x10000340                tcpwm_1_interrupts_6_IRQHandler
                0x10000340                scb_4_interrupt_IRQHandler
                0x10000340                pass_interrupt_dacs_IRQHandler
                0x10000340                ioss_interrupts_gpio_2_IRQHandler
                0x10000340                cpuss_interrupts_dw1_9_IRQHandler
                0x10000340                cpuss_interrupts_dw1_13_IRQHandler
                0x10000340                scb_2_interrupt_IRQHandler
                0x10000340                cpuss_interrupts_cm0_cti_0_IRQHandler
                0x10000340                udb_interrupts_5_IRQHandler
                0x10000340                srss_interrupt_IRQHandler
                0x10000340                udb_interrupts_12_IRQHandler
                0x10000340                scb_0_interrupt_IRQHandler
                0x10000340                csd_interrupt_IRQHandler
                0x10000340                udb_interrupts_1_IRQHandler
                0x10000340                profile_interrupt_IRQHandler
                0x10000340                tcpwm_1_interrupts_1_IRQHandler
                0x10000340                cpuss_interrupts_ipc_12_IRQHandler
                0x10000340                tcpwm_1_interrupts_3_IRQHandler
                0x10000340                tcpwm_0_interrupts_7_IRQHandler
                0x10000340                cpuss_interrupts_dw1_1_IRQHandler
                0x10000340                cpuss_interrupts_dw1_0_IRQHandler
                0x10000340                cpuss_interrupts_dw0_9_IRQHandler
                0x10000340                cpuss_interrupts_dw1_7_IRQHandler
                0x10000340                tcpwm_1_interrupts_23_IRQHandler
                0x10000340                udb_interrupts_4_IRQHandler
                0x10000340                tcpwm_1_interrupts_20_IRQHandler
                0x10000340                ioss_interrupt_gpio_IRQHandler
                0x10000340                tcpwm_0_interrupts_1_IRQHandler
                0x10000340                ioss_interrupts_gpio_8_IRQHandler
                0x10000340                tcpwm_0_interrupts_6_IRQHandler
                0x10000340                scb_7_interrupt_IRQHandler
                0x10000340                tcpwm_1_interrupts_7_IRQHandler
                0x10000340                cpuss_interrupts_ipc_11_IRQHandler
                0x10000340                udb_interrupts_13_IRQHandler
                0x10000340                cpuss_interrupts_dw0_15_IRQHandler
                0x10000340                udb_interrupts_7_IRQHandler
                0x10000340                cpuss_interrupts_dw1_6_IRQHandler
                0x10000340                cpuss_interrupt_crypto_IRQHandler
                0x10000340                scb_1_interrupt_IRQHandler
                0x10000340                Default_Handler
                0x10000340                usb_interrupt_hi_IRQHandler
                0x10000340                tcpwm_1_interrupts_0_IRQHandler
                0x10000340                udb_interrupts_9_IRQHandler
                0x10000340                audioss_interrupt_pdm_IRQHandler
                0x10000340                srss_interrupt_mcwdt_0_IRQHandler
                0x10000340                scb_3_interrupt_IRQHandler
                0x10000340                pass_interrupt_ctbs_IRQHandler
                0x10000340                udb_interrupts_8_IRQHandler
                0x10000340                ioss_interrupts_gpio_3_IRQHandler
                0x10000340                scb_6_interrupt_IRQHandler
                0x10000340                cpuss_interrupts_cm4_cti_0_IRQHandler
                0x10000340                cpuss_interrupts_dw1_3_IRQHandler
                0x10000340                pass_interrupt_sar_IRQHandler
                0x10000340                ioss_interrupts_gpio_0_IRQHandler
                0x10000340                ioss_interrupts_gpio_14_IRQHandler
                0x10000340                tcpwm_0_interrupts_4_IRQHandler
                0x10000340                udb_interrupts_3_IRQHandler
                0x10000340                tcpwm_0_interrupts_5_IRQHandler
                0x10000340                cpuss_interrupts_ipc_15_IRQHandler
                0x10000340                cpuss_interrupts_cm4_cti_1_IRQHandler
                0x10000340                scb_8_interrupt_IRQHandler
                0x10000340                srss_interrupt_mcwdt_1_IRQHandler
                0x10000340                cpuss_interrupts_dw1_2_IRQHandler
                0x10000340                SVC_Handler
                0x10000340                cpuss_interrupts_dw1_5_IRQHandler
                0x10000340                cpuss_interrupts_ipc_1_IRQHandler
                0x10000340                lpcomp_interrupt_IRQHandler
                0x10000340                cpuss_interrupts_dw0_0_IRQHandler
                0x10000340                ioss_interrupts_gpio_12_IRQHandler
                0x10000340                cpuss_interrupts_ipc_3_IRQHandler
                0x10000340                tcpwm_1_interrupts_17_IRQHandler
                0x10000340                srss_interrupt_backup_IRQHandler
                0x10000340                bless_interrupt_IRQHandler
                0x10000340                cpuss_interrupts_ipc_10_IRQHandler
                0x10000340                cpuss_interrupts_ipc_9_IRQHandler
                0x10000340                cpuss_interrupts_dw0_14_IRQHandler
                0x10000340                tcpwm_1_interrupts_4_IRQHandler
                0x10000340                tcpwm_0_interrupts_3_IRQHandler
                0x10000340                cpuss_interrupts_dw1_15_IRQHandler
                0x10000340                ioss_interrupts_gpio_10_IRQHandler
                0x10000340                udb_interrupts_10_IRQHandler
                0x10000340                cpuss_interrupts_dw0_8_IRQHandler
                0x10000340                ioss_interrupts_gpio_11_IRQHandler
                0x10000340                cpuss_interrupts_ipc_14_IRQHandler
                0x10000340                ioss_interrupts_gpio_5_IRQHandler
                0x10000340                ioss_interrupts_gpio_4_IRQHandler
                0x10000340                tcpwm_1_interrupts_8_IRQHandler
                0x10000340                cpuss_interrupts_dw1_14_IRQHandler
                0x10000340                usb_interrupt_med_IRQHandler
                0x10000340                cpuss_interrupts_dw0_2_IRQHandler
                0x10000340                tcpwm_1_interrupts_10_IRQHandler
                0x10000340                cpuss_interrupts_fault_0_IRQHandler
                0x10000340                cpuss_interrupts_dw0_12_IRQHandler
                0x10000340                ioss_interrupts_gpio_6_IRQHandler
                0x10000340                tcpwm_1_interrupts_21_IRQHandler
                0x10000340                tcpwm_1_interrupts_16_IRQHandler
                0x10000340                cpuss_interrupts_dw1_4_IRQHandler
                0x10000340                udb_interrupts_15_IRQHandler
                0x10000340                cpuss_interrupts_dw1_11_IRQHandler
                0x10000340                cpuss_interrupts_dw0_6_IRQHandler
                0x10000340                ioss_interrupt_vdd_IRQHandler
                0x10000340                cpuss_interrupts_dw0_7_IRQHandler
                0x10000340                audioss_interrupt_i2s_IRQHandler
                0x10000340                tcpwm_1_interrupts_5_IRQHandler
                0x10000340                cpuss_interrupts_ipc_2_IRQHandler
                0x10000340                cpuss_interrupts_dw0_10_IRQHandler
                0x10000340                tcpwm_1_interrupts_19_IRQHandler
                0x10000340                cpuss_interrupts_dw0_1_IRQHandler
                0x10000340                ioss_interrupts_gpio_9_IRQHandler
                0x10000340                usb_interrupt_lo_IRQHandler
                0x10000340                cpuss_interrupts_ipc_8_IRQHandler
                0x10000340                udb_interrupts_14_IRQHandler
                0x10000340                cpuss_interrupts_dw0_3_IRQHandler
                0x10000344                UsageFault_Handler
                0x10000344                HardFault_Handler
                0x10000344                MemManage_Handler
                0x10000344                BusFault_Handler
 .text          0x10000360       0x20 C:/Onethinx_Tomislav/ModusToolbox/ModusToolbox2Examples/HelloWorld_MTB2.0_API-B2/Empty_PSoC6_App/build/CY8CPROTO-063-BLE/Debug/libs/psoc6pdl/drivers/source/TOOLCHAIN_GCC_ARM/cy_syslib_gcc.o
                0x10000360                Cy_SysLib_DelayCycles
                0x10000372                Cy_SysLib_EnterCriticalSection
                0x1000037a                Cy_SysLib_ExitCriticalSection
 .text.CM4_MessageCallback
                0x10000380        0x2 C:/Onethinx_Tomislav/ModusToolbox/ModusToolbox2Examples/HelloWorld_MTB2.0_API-B2/Empty_PSoC6_App/build/CY8CPROTO-063-BLE/Debug/OnethinxCore/OnethinxCore01.o
                0x10000380                CM4_MessageCallback
 *fill*         0x10000382        0x2 
 .text.CM4_ReleaseCallback
                0x10000384        0xc C:/Onethinx_Tomislav/ModusToolbox/ModusToolbox2Examples/HelloWorld_MTB2.0_API-B2/Empty_PSoC6_App/build/CY8CPROTO-063-BLE/Debug/OnethinxCore/OnethinxCore01.o
                0x10000384                CM4_ReleaseCallback
 .text.coreComm
                0x10000390       0x80 C:/Onethinx_Tomislav/ModusToolbox/ModusToolbox2Examples/HelloWorld_MTB2.0_API-B2/Empty_PSoC6_App/build/CY8CPROTO-063-BLE/Debug/OnethinxCore/OnethinxCore01.o
                0x10000390                coreComm
 .text.LoRaWAN_Init
                0x10000410       0x80 C:/Onethinx_Tomislav/ModusToolbox/ModusToolbox2Examples/HelloWorld_MTB2.0_API-B2/Empty_PSoC6_App/build/CY8CPROTO-063-BLE/Debug/OnethinxCore/OnethinxCore01.o
                0x10000410                LoRaWAN_Init
 .text.LoRaWAN_Join
                0x10000490       0x10 C:/Onethinx_Tomislav/ModusToolbox/ModusToolbox2Examples/HelloWorld_MTB2.0_API-B2/Empty_PSoC6_App/build/CY8CPROTO-063-BLE/Debug/OnethinxCore/OnethinxCore01.o
                0x10000490                LoRaWAN_Join
 .text.LoRaWAN_GetInfo
                0x100004a0       0x18 C:/Onethinx_Tomislav/ModusToolbox/ModusToolbox2Examples/HelloWorld_MTB2.0_API-B2/Empty_PSoC6_App/build/CY8CPROTO-063-BLE/Debug/OnethinxCore/OnethinxCore01.o
                0x100004a0                LoRaWAN_GetInfo
 .text.LoRaWAN_Send
                0x100004b8       0x1c C:/Onethinx_Tomislav/ModusToolbox/ModusToolbox2Examples/HelloWorld_MTB2.0_API-B2/Empty_PSoC6_App/build/CY8CPROTO-063-BLE/Debug/OnethinxCore/OnethinxCore01.o
                0x100004b8                LoRaWAN_Send
 .text.LoRaWAN_Sleep
                0x100004d4       0x8c C:/Onethinx_Tomislav/ModusToolbox/ModusToolbox2Examples/HelloWorld_MTB2.0_API-B2/Empty_PSoC6_App/build/CY8CPROTO-063-BLE/Debug/OnethinxCore/OnethinxCore01.o
                0x100004d4                LoRaWAN_Sleep
 .text.init_cycfg_all
                0x10000560       0x10 C:/Onethinx_Tomislav/ModusToolbox/ModusToolbox2Examples/HelloWorld_MTB2.0_API-B2/Empty_PSoC6_App/build/CY8CPROTO-063-BLE/Debug/libs/TARGET_CY8CPROTO-063-BLE/COMPONENT_BSP_DESIGN_MODUS/GeneratedSource/cycfg.o
                0x10000560                init_cycfg_all
 .text.init_cycfg_clocks
                0x10000570       0x58 C:/Onethinx_Tomislav/ModusToolbox/ModusToolbox2Examples/HelloWorld_MTB2.0_API-B2/Empty_PSoC6_App/build/CY8CPROTO-063-BLE/Debug/libs/TARGET_CY8CPROTO-063-BLE/COMPONENT_BSP_DESIGN_MODUS/GeneratedSource/cycfg_clocks.o
                0x10000570                init_cycfg_clocks
 .text.init_cycfg_pins
                0x100005c8       0x3c C:/Onethinx_Tomislav/ModusToolbox/ModusToolbox2Examples/HelloWorld_MTB2.0_API-B2/Empty_PSoC6_App/build/CY8CPROTO-063-BLE/Debug/libs/TARGET_CY8CPROTO-063-BLE/COMPONENT_BSP_DESIGN_MODUS/GeneratedSource/cycfg_pins.o
                0x100005c8                init_cycfg_pins
 .text.init_cycfg_system
                0x10000604       0x10 C:/Onethinx_Tomislav/ModusToolbox/ModusToolbox2Examples/HelloWorld_MTB2.0_API-B2/Empty_PSoC6_App/build/CY8CPROTO-063-BLE/Debug/libs/TARGET_CY8CPROTO-063-BLE/COMPONENT_BSP_DESIGN_MODUS/GeneratedSource/cycfg_system.o
                0x10000604                init_cycfg_system
 .text.cybsp_register_sysclk_pm_callback
                0x10000614       0x1c C:/Onethinx_Tomislav/ModusToolbox/ModusToolbox2Examples/HelloWorld_MTB2.0_API-B2/Empty_PSoC6_App/build/CY8CPROTO-063-BLE/Debug/libs/TARGET_CY8CPROTO-063-BLE/cybsp.o
 .text.cybsp_init
                0x10000630       0x1a C:/Onethinx_Tomislav/ModusToolbox/ModusToolbox2Examples/HelloWorld_MTB2.0_API-B2/Empty_PSoC6_App/build/CY8CPROTO-063-BLE/Debug/libs/TARGET_CY8CPROTO-063-BLE/cybsp.o
                0x10000630                cybsp_init
 .text.Cy_SysIpcPipeIsrCm4
                0x1000064a        0xa C:/Onethinx_Tomislav/ModusToolbox/ModusToolbox2Examples/HelloWorld_MTB2.0_API-B2/Empty_PSoC6_App/build/CY8CPROTO-063-BLE/Debug/libs/TARGET_CY8CPROTO-063-BLE/startup/system_psoc6_cm4.o
                0x1000064a                Cy_SysIpcPipeIsrCm4
 .text.Cy_SystemInit
                0x10000654        0x2 C:/Onethinx_Tomislav/ModusToolbox/ModusToolbox2Examples/HelloWorld_MTB2.0_API-B2/Empty_PSoC6_App/build/CY8CPROTO-063-BLE/Debug/libs/TARGET_CY8CPROTO-063-BLE/startup/system_psoc6_cm4.o
                0x10000654                Cy_SystemInit
 *fill*         0x10000656        0x2 
 .text.SystemCoreClockUpdate
                0x10000658      0x1c8 C:/Onethinx_Tomislav/ModusToolbox/ModusToolbox2Examples/HelloWorld_MTB2.0_API-B2/Empty_PSoC6_App/build/CY8CPROTO-063-BLE/Debug/libs/TARGET_CY8CPROTO-063-BLE/startup/system_psoc6_cm4.o
                0x10000658                SystemCoreClockUpdate
 .text.SystemInit
                0x10000820       0x48 C:/Onethinx_Tomislav/ModusToolbox/ModusToolbox2Examples/HelloWorld_MTB2.0_API-B2/Empty_PSoC6_App/build/CY8CPROTO-063-BLE/Debug/libs/TARGET_CY8CPROTO-063-BLE/startup/system_psoc6_cm4.o
                0x10000820                SystemInit
 .text.Cy_SystemInitFpuEnable
                0x10000868       0x28 C:/Onethinx_Tomislav/ModusToolbox/ModusToolbox2Examples/HelloWorld_MTB2.0_API-B2/Empty_PSoC6_App/build/CY8CPROTO-063-BLE/Debug/libs/TARGET_CY8CPROTO-063-BLE/startup/system_psoc6_cm4.o
                0x10000868                Cy_SystemInitFpuEnable
 .text.cyhal_get_bit_position
                0x10000890      0x118 C:/Onethinx_Tomislav/ModusToolbox/ModusToolbox2Examples/HelloWorld_MTB2.0_API-B2/Empty_PSoC6_App/build/CY8CPROTO-063-BLE/Debug/libs/psoc6hal/src/cyhal_hwmgr.o
 .text.cyhal_hwmgr_init
                0x100009a8        0x4 C:/Onethinx_Tomislav/ModusToolbox/ModusToolbox2Examples/HelloWorld_MTB2.0_API-B2/Empty_PSoC6_App/build/CY8CPROTO-063-BLE/Debug/libs/psoc6hal/src/cyhal_hwmgr.o
                0x100009a8                cyhal_hwmgr_init
 .text.cyhal_hwmgr_reserve
                0x100009ac       0x88 C:/Onethinx_Tomislav/ModusToolbox/ModusToolbox2Examples/HelloWorld_MTB2.0_API-B2/Empty_PSoC6_App/build/CY8CPROTO-063-BLE/Debug/libs/psoc6hal/src/cyhal_hwmgr.o
                0x100009ac                cyhal_hwmgr_reserve
 .text.Cy_PDL_Init
                0x10000a34        0xc C:/Onethinx_Tomislav/ModusToolbox/ModusToolbox2Examples/HelloWorld_MTB2.0_API-B2/Empty_PSoC6_App/build/CY8CPROTO-063-BLE/Debug/libs/psoc6pdl/drivers/source/cy_device.o
                0x10000a34                Cy_PDL_Init
 .text.Cy_Flash_ProcessOpcode
                0x10000a40       0xa4 C:/Onethinx_Tomislav/ModusToolbox/ModusToolbox2Examples/HelloWorld_MTB2.0_API-B2/Empty_PSoC6_App/build/CY8CPROTO-063-BLE/Debug/libs/psoc6pdl/drivers/source/cy_flash.o
 .text.Cy_Flash_OperationStatus
                0x10000ae4       0x60 C:/Onethinx_Tomislav/ModusToolbox/ModusToolbox2Examples/HelloWorld_MTB2.0_API-B2/Empty_PSoC6_App/build/CY8CPROTO-063-BLE/Debug/libs/psoc6pdl/drivers/source/cy_flash.o
 .text.Cy_Flash_InitExt
                0x10000b44       0x80 C:/Onethinx_Tomislav/ModusToolbox/ModusToolbox2Examples/HelloWorld_MTB2.0_API-B2/Empty_PSoC6_App/build/CY8CPROTO-063-BLE/Debug/libs/psoc6pdl/drivers/source/cy_flash.o
                0x10000b44                Cy_Flash_InitExt
 .text.Cy_Flash_Init
                0x10000bc4       0x10 C:/Onethinx_Tomislav/ModusToolbox/ModusToolbox2Examples/HelloWorld_MTB2.0_API-B2/Empty_PSoC6_App/build/CY8CPROTO-063-BLE/Debug/libs/psoc6pdl/drivers/source/cy_flash.o
                0x10000bc4                Cy_Flash_Init
 .text.Cy_GPIO_Pin_Init
                0x10000bd4      0x360 C:/Onethinx_Tomislav/ModusToolbox/ModusToolbox2Examples/HelloWorld_MTB2.0_API-B2/Empty_PSoC6_App/build/CY8CPROTO-063-BLE/Debug/libs/psoc6pdl/drivers/source/cy_gpio.o
                0x10000bd4                Cy_GPIO_Pin_Init
 .text.Cy_IPC_Drv_LockRelease
                0x10000f34       0x40 C:/Onethinx_Tomislav/ModusToolbox/ModusToolbox2Examples/HelloWorld_MTB2.0_API-B2/Empty_PSoC6_App/build/CY8CPROTO-063-BLE/Debug/libs/psoc6pdl/drivers/source/cy_ipc_drv.o
                0x10000f34                Cy_IPC_Drv_LockRelease
 .text.Cy_IPC_Drv_SendMsgWord
                0x10000f74       0x34 C:/Onethinx_Tomislav/ModusToolbox/ModusToolbox2Examples/HelloWorld_MTB2.0_API-B2/Empty_PSoC6_App/build/CY8CPROTO-063-BLE/Debug/libs/psoc6pdl/drivers/source/cy_ipc_drv.o
                0x10000f74                Cy_IPC_Drv_SendMsgWord
 .text.Cy_IPC_Drv_ReadMsgWord
                0x10000fa8       0x38 C:/Onethinx_Tomislav/ModusToolbox/ModusToolbox2Examples/HelloWorld_MTB2.0_API-B2/Empty_PSoC6_App/build/CY8CPROTO-063-BLE/Debug/libs/psoc6pdl/drivers/source/cy_ipc_drv.o
                0x10000fa8                Cy_IPC_Drv_ReadMsgWord
 .text.Cy_IPC_Pipe_Config
                0x10000fe0       0x14 C:/Onethinx_Tomislav/ModusToolbox/ModusToolbox2Examples/HelloWorld_MTB2.0_API-B2/Empty_PSoC6_App/build/CY8CPROTO-063-BLE/Debug/libs/psoc6pdl/drivers/source/cy_ipc_pipe.o
                0x10000fe0                Cy_IPC_Pipe_Config
 .text.Cy_IPC_Pipe_EndpointInit
                0x10000ff4       0xdc C:/Onethinx_Tomislav/ModusToolbox/ModusToolbox2Examples/HelloWorld_MTB2.0_API-B2/Empty_PSoC6_App/build/CY8CPROTO-063-BLE/Debug/libs/psoc6pdl/drivers/source/cy_ipc_pipe.o
                0x10000ff4                Cy_IPC_Pipe_EndpointInit
 .text.Cy_IPC_Pipe_Init
                0x100010d0       0xc0 C:/Onethinx_Tomislav/ModusToolbox/ModusToolbox2Examples/HelloWorld_MTB2.0_API-B2/Empty_PSoC6_App/build/CY8CPROTO-063-BLE/Debug/libs/psoc6pdl/drivers/source/cy_ipc_pipe.o
                0x100010d0                Cy_IPC_Pipe_Init
 .text.Cy_IPC_Pipe_SendMessage
                0x10001190       0xa4 C:/Onethinx_Tomislav/ModusToolbox/ModusToolbox2Examples/HelloWorld_MTB2.0_API-B2/Empty_PSoC6_App/build/CY8CPROTO-063-BLE/Debug/libs/psoc6pdl/drivers/source/cy_ipc_pipe.o
                0x10001190                Cy_IPC_Pipe_SendMessage
 .text.Cy_IPC_Pipe_RegisterCallback
                0x10001234       0x54 C:/Onethinx_Tomislav/ModusToolbox/ModusToolbox2Examples/HelloWorld_MTB2.0_API-B2/Empty_PSoC6_App/build/CY8CPROTO-063-BLE/Debug/libs/psoc6pdl/drivers/source/cy_ipc_pipe.o
                0x10001234                Cy_IPC_Pipe_RegisterCallback
 .text.Cy_IPC_Pipe_ExecCallback
                0x10001288       0xcc C:/Onethinx_Tomislav/ModusToolbox/ModusToolbox2Examples/HelloWorld_MTB2.0_API-B2/Empty_PSoC6_App/build/CY8CPROTO-063-BLE/Debug/libs/psoc6pdl/drivers/source/cy_ipc_pipe.o
                0x10001288                Cy_IPC_Pipe_ExecCallback
 .text.Cy_IPC_Pipe_ExecuteCallback
                0x10001354       0x30 C:/Onethinx_Tomislav/ModusToolbox/ModusToolbox2Examples/HelloWorld_MTB2.0_API-B2/Empty_PSoC6_App/build/CY8CPROTO-063-BLE/Debug/libs/psoc6pdl/drivers/source/cy_ipc_pipe.o
                0x10001354                Cy_IPC_Pipe_ExecuteCallback
 .text.Cy_IPC_Sema_InitExt
                0x10001384       0xac C:/Onethinx_Tomislav/ModusToolbox/ModusToolbox2Examples/HelloWorld_MTB2.0_API-B2/Empty_PSoC6_App/build/CY8CPROTO-063-BLE/Debug/libs/psoc6pdl/drivers/source/cy_ipc_sema.o
                0x10001384                Cy_IPC_Sema_InitExt
 .text.Cy_IPC_Sema_Init
                0x10001430       0x6c C:/Onethinx_Tomislav/ModusToolbox/ModusToolbox2Examples/HelloWorld_MTB2.0_API-B2/Empty_PSoC6_App/build/CY8CPROTO-063-BLE/Debug/libs/psoc6pdl/drivers/source/cy_ipc_sema.o
                0x10001430                Cy_IPC_Sema_Init
 .text.Cy_IPC_Sema_Clear
                0x1000149c       0x7c C:/Onethinx_Tomislav/ModusToolbox/ModusToolbox2Examples/HelloWorld_MTB2.0_API-B2/Empty_PSoC6_App/build/CY8CPROTO-063-BLE/Debug/libs/psoc6pdl/drivers/source/cy_ipc_sema.o
                0x1000149c                Cy_IPC_Sema_Clear
 .text.Cy_IPC_Sema_Status
                0x10001518       0x40 C:/Onethinx_Tomislav/ModusToolbox/ModusToolbox2Examples/HelloWorld_MTB2.0_API-B2/Empty_PSoC6_App/build/CY8CPROTO-063-BLE/Debug/libs/psoc6pdl/drivers/source/cy_ipc_sema.o
                0x10001518                Cy_IPC_Sema_Status
 .text.Cy_SysClk_ClkPathSetSource
                0x10001558       0x5c C:/Onethinx_Tomislav/ModusToolbox/ModusToolbox2Examples/HelloWorld_MTB2.0_API-B2/Empty_PSoC6_App/build/CY8CPROTO-063-BLE/Debug/libs/psoc6pdl/drivers/source/cy_sysclk.o
                0x10001558                Cy_SysClk_ClkPathSetSource
 .text.Cy_SysClk_ClkPathGetSource
                0x100015b4       0x4c C:/Onethinx_Tomislav/ModusToolbox/ModusToolbox2Examples/HelloWorld_MTB2.0_API-B2/Empty_PSoC6_App/build/CY8CPROTO-063-BLE/Debug/libs/psoc6pdl/drivers/source/cy_sysclk.o
                0x100015b4                Cy_SysClk_ClkPathGetSource
 .text.Cy_SysClk_DeepSleepCallback
                0x10001600      0x280 C:/Onethinx_Tomislav/ModusToolbox/ModusToolbox2Examples/HelloWorld_MTB2.0_API-B2/Empty_PSoC6_App/build/CY8CPROTO-063-BLE/Debug/libs/psoc6pdl/drivers/source/cy_sysclk.o
                0x10001600                Cy_SysClk_DeepSleepCallback
 .text.Cy_SysInt_SetVector
                0x10001880       0x48 C:/Onethinx_Tomislav/ModusToolbox/ModusToolbox2Examples/HelloWorld_MTB2.0_API-B2/Empty_PSoC6_App/build/CY8CPROTO-063-BLE/Debug/libs/psoc6pdl/drivers/source/cy_sysint.o
                0x10001880                Cy_SysInt_SetVector
 .text.Cy_SysInt_Init
                0x100018c8       0x74 C:/Onethinx_Tomislav/ModusToolbox/ModusToolbox2Examples/HelloWorld_MTB2.0_API-B2/Empty_PSoC6_App/build/CY8CPROTO-063-BLE/Debug/libs/psoc6pdl/drivers/source/cy_sysint.o
                0x100018c8                Cy_SysInt_Init
 .text.Cy_SysLib_Delay
                0x1000193c       0x30 C:/Onethinx_Tomislav/ModusToolbox/ModusToolbox2Examples/HelloWorld_MTB2.0_API-B2/Empty_PSoC6_App/build/CY8CPROTO-063-BLE/Debug/libs/psoc6pdl/drivers/source/cy_syslib.o
                0x1000193c                Cy_SysLib_Delay
 .text.Cy_SysLib_Halt
                0x1000196c        0x4 C:/Onethinx_Tomislav/ModusToolbox/ModusToolbox2Examples/HelloWorld_MTB2.0_API-B2/Empty_PSoC6_App/build/CY8CPROTO-063-BLE/Debug/libs/psoc6pdl/drivers/source/cy_syslib.o
                0x1000196c                Cy_SysLib_Halt
 .text.Cy_SysLib_AssertFailed
                0x10001970       0x1c C:/Onethinx_Tomislav/ModusToolbox/ModusToolbox2Examples/HelloWorld_MTB2.0_API-B2/Empty_PSoC6_App/build/CY8CPROTO-063-BLE/Debug/libs/psoc6pdl/drivers/source/cy_syslib.o
                0x10001970                Cy_SysLib_AssertFailed
 .text.Cy_SysLib_ProcessingFault
                0x1000198c        0x2 C:/Onethinx_Tomislav/ModusToolbox/ModusToolbox2Examples/HelloWorld_MTB2.0_API-B2/Empty_PSoC6_App/build/CY8CPROTO-063-BLE/Debug/libs/psoc6pdl/drivers/source/cy_syslib.o
                0x1000198c                Cy_SysLib_ProcessingFault
 *fill*         0x1000198e        0x2 
 .text.Cy_SysLib_FaultHandler
                0x10001990       0xa4 C:/Onethinx_Tomislav/ModusToolbox/ModusToolbox2Examples/HelloWorld_MTB2.0_API-B2/Empty_PSoC6_App/build/CY8CPROTO-063-BLE/Debug/libs/psoc6pdl/drivers/source/cy_syslib.o
                0x10001990                Cy_SysLib_FaultHandler
 .text.Cy_SysPm_RegisterCallback
                0x10001a34       0x90 C:/Onethinx_Tomislav/ModusToolbox/ModusToolbox2Examples/HelloWorld_MTB2.0_API-B2/Empty_PSoC6_App/build/CY8CPROTO-063-BLE/Debug/libs/psoc6pdl/drivers/source/cy_syspm.o
                0x10001a34                Cy_SysPm_RegisterCallback
 .text.Cy_SysPm_ExecuteCallback
                0x10001ac4       0xf0 C:/Onethinx_Tomislav/ModusToolbox/ModusToolbox2Examples/HelloWorld_MTB2.0_API-B2/Empty_PSoC6_App/build/CY8CPROTO-063-BLE/Debug/libs/psoc6pdl/drivers/source/cy_syspm.o
                0x10001ac4                Cy_SysPm_ExecuteCallback
 .text.Cy_SysPm_CpuEnterSleep
                0x10001bb4       0xb4 C:/Onethinx_Tomislav/ModusToolbox/ModusToolbox2Examples/HelloWorld_MTB2.0_API-B2/Empty_PSoC6_App/build/CY8CPROTO-063-BLE/Debug/libs/psoc6pdl/drivers/source/cy_syspm.o
                0x10001bb4                Cy_SysPm_CpuEnterSleep
 .text.Cy_SysPm_SaveRegisters
                0x10001c68       0x74 C:/Onethinx_Tomislav/ModusToolbox/ModusToolbox2Examples/HelloWorld_MTB2.0_API-B2/Empty_PSoC6_App/build/CY8CPROTO-063-BLE/Debug/libs/psoc6pdl/drivers/source/cy_syspm.o
                0x10001c68                Cy_SysPm_SaveRegisters
 .text.Cy_SysPm_RestoreRegisters
                0x10001cdc       0x74 C:/Onethinx_Tomislav/ModusToolbox/ModusToolbox2Examples/HelloWorld_MTB2.0_API-B2/Empty_PSoC6_App/build/CY8CPROTO-063-BLE/Debug/libs/psoc6pdl/drivers/source/cy_syspm.o
                0x10001cdc                Cy_SysPm_RestoreRegisters
 .text.Cy_SysPm_CpuEnterDeepSleep
                0x10001d50      0x144 C:/Onethinx_Tomislav/ModusToolbox/ModusToolbox2Examples/HelloWorld_MTB2.0_API-B2/Empty_PSoC6_App/build/CY8CPROTO-063-BLE/Debug/libs/psoc6pdl/drivers/source/cy_syspm.o
                0x10001d50                Cy_SysPm_CpuEnterDeepSleep
 .text.main     0x10001e94      0x128 C:/Onethinx_Tomislav/ModusToolbox/ModusToolbox2Examples/HelloWorld_MTB2.0_API-B2/Empty_PSoC6_App/build/CY8CPROTO-063-BLE/Debug/main.o
                0x10001e94                main
 .text.__libc_fini_array
                0x10001fbc       0x28 c:/modustoolbox/tools_2.0/gcc-7.2.1/bin/../lib/gcc/arm-none-eabi/7.2.1/../../../../arm-none-eabi/lib/thumb/v7e-m/fpv4-sp/softfp\libg_nano.a(lib_a-fini.o)
                0x10001fbc                __libc_fini_array
 .text.__libc_init_array
                0x10001fe4       0x48 c:/modustoolbox/tools_2.0/gcc-7.2.1/bin/../lib/gcc/arm-none-eabi/7.2.1/../../../../arm-none-eabi/lib/thumb/v7e-m/fpv4-sp/softfp\libg_nano.a(lib_a-init.o)
                0x10001fe4                __libc_init_array
 .text.memset   0x1000202c       0x10 c:/modustoolbox/tools_2.0/gcc-7.2.1/bin/../lib/gcc/arm-none-eabi/7.2.1/../../../../arm-none-eabi/lib/thumb/v7e-m/fpv4-sp/softfp\libg_nano.a(lib_a-memset.o)
                0x1000202c                memset
 .text.strncpy  0x1000203c       0x2a c:/modustoolbox/tools_2.0/gcc-7.2.1/bin/../lib/gcc/arm-none-eabi/7.2.1/../../../../arm-none-eabi/lib/thumb/v7e-m/fpv4-sp/softfp\libg_nano.a(lib_a-strncpy.o)
                0x1000203c                strncpy
 *(.init)
 *fill*         0x10002066        0x2 
 .init          0x10002068        0x4 c:/modustoolbox/tools_2.0/gcc-7.2.1/bin/../lib/gcc/arm-none-eabi/7.2.1/thumb/v7e-m/fpv4-sp/softfp/crti.o
                0x10002068                _init
 .init          0x1000206c        0x8 c:/modustoolbox/tools_2.0/gcc-7.2.1/bin/../lib/gcc/arm-none-eabi/7.2.1/thumb/v7e-m/fpv4-sp/softfp/crtn.o
 *(.fini)
 .fini          0x10002074        0x4 c:/modustoolbox/tools_2.0/gcc-7.2.1/bin/../lib/gcc/arm-none-eabi/7.2.1/thumb/v7e-m/fpv4-sp/softfp/crti.o
                0x10002074                _fini
 .fini          0x10002078        0x8 c:/modustoolbox/tools_2.0/gcc-7.2.1/bin/../lib/gcc/arm-none-eabi/7.2.1/thumb/v7e-m/fpv4-sp/softfp/crtn.o
 .fini.__stub   0x10002080        0x8 linker stubs
 *crtbegin.o(.ctors)
 *crtbegin?.o(.ctors)
 *(EXCLUDE_FILE(*crtend.o *crtend?.o) .ctors)
 *(SORT_BY_NAME(.ctors.*))
 *(.ctors)
 *crtbegin.o(.dtors)
 *crtbegin?.o(.dtors)
 *(EXCLUDE_FILE(*crtend.o *crtend?.o) .dtors)
 *(SORT_BY_NAME(.dtors.*))
 *(.dtors)
 *(.rodata .rodata.* .constdata .constdata.* .conststring .conststring.*)
 .rodata.peri_0_div_8_0_obj
                0x10002088        0x3 C:/Onethinx_Tomislav/ModusToolbox/ModusToolbox2Examples/HelloWorld_MTB2.0_API-B2/Empty_PSoC6_App/build/CY8CPROTO-063-BLE/Debug/libs/TARGET_CY8CPROTO-063-BLE/COMPONENT_BSP_DESIGN_MODUS/GeneratedSource/cycfg_clocks.o
                0x10002088                peri_0_div_8_0_obj
 *fill*         0x1000208b        0x1 
 .rodata.LED_BLUE_config
                0x1000208c       0x34 C:/Onethinx_Tomislav/ModusToolbox/ModusToolbox2Examples/HelloWorld_MTB2.0_API-B2/Empty_PSoC6_App/build/CY8CPROTO-063-BLE/Debug/libs/TARGET_CY8CPROTO-063-BLE/COMPONENT_BSP_DESIGN_MODUS/GeneratedSource/cycfg_pins.o
                0x1000208c                LED_BLUE_config
 .rodata.LED_BLUE_obj
                0x100020c0        0x3 C:/Onethinx_Tomislav/ModusToolbox/ModusToolbox2Examples/HelloWorld_MTB2.0_API-B2/Empty_PSoC6_App/build/CY8CPROTO-063-BLE/Debug/libs/TARGET_CY8CPROTO-063-BLE/COMPONENT_BSP_DESIGN_MODUS/GeneratedSource/cycfg_pins.o
                0x100020c0                LED_BLUE_obj
 *fill*         0x100020c3        0x1 
 .rodata.LED_RED_config
                0x100020c4       0x34 C:/Onethinx_Tomislav/ModusToolbox/ModusToolbox2Examples/HelloWorld_MTB2.0_API-B2/Empty_PSoC6_App/build/CY8CPROTO-063-BLE/Debug/libs/TARGET_CY8CPROTO-063-BLE/COMPONENT_BSP_DESIGN_MODUS/GeneratedSource/cycfg_pins.o
                0x100020c4                LED_RED_config
 .rodata.LED_RED_obj
                0x100020f8        0x3 C:/Onethinx_Tomislav/ModusToolbox/ModusToolbox2Examples/HelloWorld_MTB2.0_API-B2/Empty_PSoC6_App/build/CY8CPROTO-063-BLE/Debug/libs/TARGET_CY8CPROTO-063-BLE/COMPONENT_BSP_DESIGN_MODUS/GeneratedSource/cycfg_pins.o
                0x100020f8                LED_RED_obj
 *fill*         0x100020fb        0x1 
 .rodata.srss_0_clock_0_pathmux_2_obj
                0x100020fc        0x3 C:/Onethinx_Tomislav/ModusToolbox/ModusToolbox2Examples/HelloWorld_MTB2.0_API-B2/Empty_PSoC6_App/build/CY8CPROTO-063-BLE/Debug/libs/TARGET_CY8CPROTO-063-BLE/COMPONENT_BSP_DESIGN_MODUS/GeneratedSource/cycfg_system.o
                0x100020fc                srss_0_clock_0_pathmux_2_obj
 *fill*         0x100020ff        0x1 
 .rodata.systemIpcPipeConfigCm4.11852
                0x10002100       0x34 C:/Onethinx_Tomislav/ModusToolbox/ModusToolbox2Examples/HelloWorld_MTB2.0_API-B2/Empty_PSoC6_App/build/CY8CPROTO-063-BLE/Debug/libs/TARGET_CY8CPROTO-063-BLE/startup/system_psoc6_cm4.o
 .rodata.cyhal_block_offsets_can
                0x10002134        0x1 C:/Onethinx_Tomislav/ModusToolbox/ModusToolbox2Examples/HelloWorld_MTB2.0_API-B2/Empty_PSoC6_App/build/CY8CPROTO-063-BLE/Debug/libs/psoc6hal/src/cyhal_hwmgr.o
 *fill*         0x10002135        0x3 
 .rodata.cyhal_block_offsets_clock
                0x10002138        0x4 C:/Onethinx_Tomislav/ModusToolbox/ModusToolbox2Examples/HelloWorld_MTB2.0_API-B2/Empty_PSoC6_App/build/CY8CPROTO-063-BLE/Debug/libs/psoc6hal/src/cyhal_hwmgr.o
 .rodata.cyhal_block_offsets_dma
                0x1000213c        0x3 C:/Onethinx_Tomislav/ModusToolbox/ModusToolbox2Examples/HelloWorld_MTB2.0_API-B2/Empty_PSoC6_App/build/CY8CPROTO-063-BLE/Debug/libs/psoc6hal/src/cyhal_hwmgr.o
 *fill*         0x1000213f        0x1 
 .rodata.cyhal_block_offsets_gpio
                0x10002140       0x10 C:/Onethinx_Tomislav/ModusToolbox/ModusToolbox2Examples/HelloWorld_MTB2.0_API-B2/Empty_PSoC6_App/build/CY8CPROTO-063-BLE/Debug/libs/psoc6hal/src/cyhal_hwmgr.o
 .rodata.cyhal_block_offsets_tcpwm
                0x10002150        0x2 C:/Onethinx_Tomislav/ModusToolbox/ModusToolbox2Examples/HelloWorld_MTB2.0_API-B2/Empty_PSoC6_App/build/CY8CPROTO-063-BLE/Debug/libs/psoc6hal/src/cyhal_hwmgr.o
 *fill*         0x10002152        0x2 
 .rodata.cyhal_get_bit_position.str1.4
                0x10002154       0x20 C:/Onethinx_Tomislav/ModusToolbox/ModusToolbox2Examples/HelloWorld_MTB2.0_API-B2/Empty_PSoC6_App/build/CY8CPROTO-063-BLE/Debug/libs/psoc6hal/src/cyhal_hwmgr.o
 .rodata.cyhal_resource_offsets
                0x10002174       0x2c C:/Onethinx_Tomislav/ModusToolbox/ModusToolbox2Examples/HelloWorld_MTB2.0_API-B2/Empty_PSoC6_App/build/CY8CPROTO-063-BLE/Debug/libs/psoc6hal/src/cyhal_hwmgr.o
 .rodata.cy_deviceIpBlockCfgPSoC6_01
                0x100021a0       0xb4 C:/Onethinx_Tomislav/ModusToolbox/ModusToolbox2Examples/HelloWorld_MTB2.0_API-B2/Empty_PSoC6_App/build/CY8CPROTO-063-BLE/Debug/libs/psoc6pdl/drivers/source/cy_device.o
                0x100021a0                cy_deviceIpBlockCfgPSoC6_01
 .rodata.Cy_Flash_OperationStatus.str1.4
                0x10002254       0x2d C:/Onethinx_Tomislav/ModusToolbox/ModusToolbox2Examples/HelloWorld_MTB2.0_API-B2/Empty_PSoC6_App/build/CY8CPROTO-063-BLE/Debug/libs/psoc6pdl/drivers/source/cy_flash.o
 *fill*         0x10002281        0x3 
 .rodata.Cy_GPIO_Pin_Init.str1.4
                0x10002284       0x52 C:/Onethinx_Tomislav/ModusToolbox/ModusToolbox2Examples/HelloWorld_MTB2.0_API-B2/Empty_PSoC6_App/build/CY8CPROTO-063-BLE/Debug/libs/psoc6pdl/drivers/source/cy_gpio.o
 .rodata.Cy_IPC_Drv_LockRelease.str1.4
                0x100022d6       0x2d C:/Onethinx_Tomislav/ModusToolbox/ModusToolbox2Examples/HelloWorld_MTB2.0_API-B2/Empty_PSoC6_App/build/CY8CPROTO-063-BLE/Debug/libs/psoc6pdl/drivers/source/cy_ipc_drv.o
 *fill*         0x100022d6        0x2 
 .rodata.Cy_IPC_Drv_ReadMsgWord.str1.4
                0x100022d8       0x2a C:/Onethinx_Tomislav/ModusToolbox/ModusToolbox2Examples/HelloWorld_MTB2.0_API-B2/Empty_PSoC6_App/build/CY8CPROTO-063-BLE/Debug/libs/psoc6pdl/drivers/source/cy_ipc_drv.o
 *fill*         0x10002302        0x2 
 .rodata.Cy_IPC_Pipe_EndpointInit.str1.4
                0x10002304       0x2b C:/Onethinx_Tomislav/ModusToolbox/ModusToolbox2Examples/HelloWorld_MTB2.0_API-B2/Empty_PSoC6_App/build/CY8CPROTO-063-BLE/Debug/libs/psoc6pdl/drivers/source/cy_ipc_pipe.o
                                 0x59 (size before relaxing)
 .rodata.Cy_IPC_Sema_InitExt.str1.4
                0x1000232f       0x2d C:/Onethinx_Tomislav/ModusToolbox/ModusToolbox2Examples/HelloWorld_MTB2.0_API-B2/Empty_PSoC6_App/build/CY8CPROTO-063-BLE/Debug/libs/psoc6pdl/drivers/source/cy_ipc_sema.o
 *fill*         0x1000232f        0x1 
 .rodata.Cy_SysClk_ClkPathGetSource.str1.4
                0x10002330       0x29 C:/Onethinx_Tomislav/ModusToolbox/ModusToolbox2Examples/HelloWorld_MTB2.0_API-B2/Empty_PSoC6_App/build/CY8CPROTO-063-BLE/Debug/libs/psoc6pdl/drivers/source/cy_sysclk.o
 *fill*         0x10002359        0x3 
 .rodata.Cy_SysClk_PllManualConfigure.str1.4
                0x1000235c       0x2c C:/Onethinx_Tomislav/ModusToolbox/ModusToolbox2Examples/HelloWorld_MTB2.0_API-B2/Empty_PSoC6_App/build/CY8CPROTO-063-BLE/Debug/libs/psoc6pdl/drivers/source/cy_sysclk.o
 .rodata.Cy_SysInt_SetVector.str1.4
                0x10002388       0x29 C:/Onethinx_Tomislav/ModusToolbox/ModusToolbox2Examples/HelloWorld_MTB2.0_API-B2/Empty_PSoC6_App/build/CY8CPROTO-063-BLE/Debug/libs/psoc6pdl/drivers/source/cy_sysint.o
 *fill*         0x100023b1        0x3 
 .rodata.Cy_SysPm_SetHibernateWakeupSource.str1.4
                0x100023b4       0x28 C:/Onethinx_Tomislav/ModusToolbox/ModusToolbox2Examples/HelloWorld_MTB2.0_API-B2/Empty_PSoC6_App/build/CY8CPROTO-063-BLE/Debug/libs/psoc6pdl/drivers/source/cy_syspm.o
 *(.eh_frame*)
 .eh_frame      0x100023dc        0x0 c:/modustoolbox/tools_2.0/gcc-7.2.1/bin/../lib/gcc/arm-none-eabi/7.2.1/thumb/v7e-m/fpv4-sp/softfp/crtbegin.o
 .eh_frame      0x100023dc        0x4 c:/modustoolbox/tools_2.0/gcc-7.2.1/bin/../lib/gcc/arm-none-eabi/7.2.1/thumb/v7e-m/fpv4-sp/softfp/crtend.o

.glue_7         0x100023e0        0x0
 .glue_7        0x100023e0        0x0 linker stubs

.glue_7t        0x100023e0        0x0
 .glue_7t       0x100023e0        0x0 linker stubs

.vfp11_veneer   0x100023e0        0x0
 .vfp11_veneer  0x100023e0        0x0 linker stubs

.v4_bx          0x100023e0        0x0
 .v4_bx         0x100023e0        0x0 linker stubs

.iplt           0x100023e0        0x0
 .iplt          0x100023e0        0x0 c:/modustoolbox/tools_2.0/gcc-7.2.1/bin/../lib/gcc/arm-none-eabi/7.2.1/thumb/v7e-m/fpv4-sp/softfp/crtbegin.o

.rel.dyn        0x100023e0        0x0
 .rel.iplt      0x100023e0        0x0 c:/modustoolbox/tools_2.0/gcc-7.2.1/bin/../lib/gcc/arm-none-eabi/7.2.1/thumb/v7e-m/fpv4-sp/softfp/crtbegin.o

.ARM.extab
 *(.ARM.extab* .gnu.linkonce.armextab.*)
                0x100023e0                __exidx_start = .

.ARM.exidx
 *(.ARM.exidx* .gnu.linkonce.armexidx.*)
                0x100023e0                __exidx_end = .

.copy.table     0x100023e0       0x18
                0x100023e0                . = ALIGN (0x4)
                0x100023e0                __copy_table_start__ = .
                0x100023e0        0x4 LONG 0x10000000 __Vectors
                0x100023e4        0x4 LONG 0x8000000 __ram_vectors_start__
                0x100023e8        0x4 LONG 0x28c (__Vectors_End - __Vectors)
                0x100023ec        0x4 LONG 0x10002400 __etext
                0x100023f0        0x4 LONG 0x800028c __data_start__
                0x100023f4        0x4 LONG 0x61c (__data_end__ - __data_start__)
                0x100023f8                __copy_table_end__ = .

.zero.table     0x100023f8        0x8
                0x100023f8                . = ALIGN (0x4)
                0x100023f8                __zero_table_start__ = .
                0x100023f8        0x4 LONG 0x800094c __bss_start__
                0x100023fc        0x4 LONG 0x37c (__bss_end__ - __bss_start__)
                0x10002400                __zero_table_end__ = .
                0x10002400                __etext = .

.ramVectors     0x08000000      0x28c
                0x08000000                __ram_vectors_start__ = .
 *(.ram_vectors)
 .ram_vectors   0x08000000      0x28c C:/Onethinx_Tomislav/ModusToolbox/ModusToolbox2Examples/HelloWorld_MTB2.0_API-B2/Empty_PSoC6_App/build/CY8CPROTO-063-BLE/Debug/libs/TARGET_CY8CPROTO-063-BLE/startup/TOOLCHAIN_GCC_ARM/startup_psoc6_01_cm4.o
                0x08000000                __ramVectors
                0x0800028c                __ram_vectors_end__ = .

.data           0x0800028c      0x61c load address 0x10002400
                0x0800028c                __data_start__ = .
 *(vtable)
 *(.data*)
 .data.ipcMsgs  0x0800028c       0x10 C:/Onethinx_Tomislav/ModusToolbox/ModusToolbox2Examples/HelloWorld_MTB2.0_API-B2/Empty_PSoC6_App/build/CY8CPROTO-063-BLE/Debug/OnethinxCore/OnethinxCore01.o
                0x0800028c                ipcMsgs
 .data.cybsp_sysclk_pm_callback.22214
                0x0800029c       0x1c C:/Onethinx_Tomislav/ModusToolbox/ModusToolbox2Examples/HelloWorld_MTB2.0_API-B2/Empty_PSoC6_App/build/CY8CPROTO-063-BLE/Debug/libs/TARGET_CY8CPROTO-063-BLE/cybsp.o
 .data.SystemCoreClock
                0x080002b8        0x4 C:/Onethinx_Tomislav/ModusToolbox/ModusToolbox2Examples/HelloWorld_MTB2.0_API-B2/Empty_PSoC6_App/build/CY8CPROTO-063-BLE/Debug/libs/TARGET_CY8CPROTO-063-BLE/startup/system_psoc6_cm4.o
                0x080002b8                SystemCoreClock
 .data.cy_BleEcoClockFreqHz
                0x080002bc        0x4 C:/Onethinx_Tomislav/ModusToolbox/ModusToolbox2Examples/HelloWorld_MTB2.0_API-B2/Empty_PSoC6_App/build/CY8CPROTO-063-BLE/Debug/libs/TARGET_CY8CPROTO-063-BLE/startup/system_psoc6_cm4.o
                0x080002bc                cy_BleEcoClockFreqHz
 .data.cy_Hfclk0FreqHz
                0x080002c0        0x4 C:/Onethinx_Tomislav/ModusToolbox/ModusToolbox2Examples/HelloWorld_MTB2.0_API-B2/Empty_PSoC6_App/build/CY8CPROTO-063-BLE/Debug/libs/TARGET_CY8CPROTO-063-BLE/startup/system_psoc6_cm4.o
                0x080002c0                cy_Hfclk0FreqHz
 .data.cy_PeriClkFreqHz
                0x080002c4        0x4 C:/Onethinx_Tomislav/ModusToolbox/ModusToolbox2Examples/HelloWorld_MTB2.0_API-B2/Empty_PSoC6_App/build/CY8CPROTO-063-BLE/Debug/libs/TARGET_CY8CPROTO-063-BLE/startup/system_psoc6_cm4.o
                0x080002c4                cy_PeriClkFreqHz
 .data.cy_delay32kMs
                0x080002c8        0x4 C:/Onethinx_Tomislav/ModusToolbox/ModusToolbox2Examples/HelloWorld_MTB2.0_API-B2/Empty_PSoC6_App/build/CY8CPROTO-063-BLE/Debug/libs/TARGET_CY8CPROTO-063-BLE/startup/system_psoc6_cm4.o
                0x080002c8                cy_delay32kMs
 .data.cy_delayFreqHz
                0x080002cc        0x4 C:/Onethinx_Tomislav/ModusToolbox/ModusToolbox2Examples/HelloWorld_MTB2.0_API-B2/Empty_PSoC6_App/build/CY8CPROTO-063-BLE/Debug/libs/TARGET_CY8CPROTO-063-BLE/startup/system_psoc6_cm4.o
                0x080002cc                cy_delayFreqHz
 .data.cy_delayFreqKhz
                0x080002d0        0x4 C:/Onethinx_Tomislav/ModusToolbox/ModusToolbox2Examples/HelloWorld_MTB2.0_API-B2/Empty_PSoC6_App/build/CY8CPROTO-063-BLE/Debug/libs/TARGET_CY8CPROTO-063-BLE/startup/system_psoc6_cm4.o
                0x080002d0                cy_delayFreqKhz
 .data.cy_delayFreqMhz
                0x080002d4        0x1 C:/Onethinx_Tomislav/ModusToolbox/ModusToolbox2Examples/HelloWorld_MTB2.0_API-B2/Empty_PSoC6_App/build/CY8CPROTO-063-BLE/Debug/libs/TARGET_CY8CPROTO-063-BLE/startup/system_psoc6_cm4.o
                0x080002d4                cy_delayFreqMhz
 *fill*         0x080002d5        0x3 
 .data.TTN_OTAAkeys
                0x080002d8       0x42 C:/Onethinx_Tomislav/ModusToolbox/ModusToolbox2Examples/HelloWorld_MTB2.0_API-B2/Empty_PSoC6_App/build/CY8CPROTO-063-BLE/Debug/main.o
                0x080002d8                TTN_OTAAkeys
 *fill*         0x0800031a        0x2 
 .data.coreConfig
                0x0800031c       0x20 C:/Onethinx_Tomislav/ModusToolbox/ModusToolbox2Examples/HelloWorld_MTB2.0_API-B2/Empty_PSoC6_App/build/CY8CPROTO-063-BLE/Debug/main.o
                0x0800031c                coreConfig
 .data.sleepConfig
                0x0800033c       0x11 C:/Onethinx_Tomislav/ModusToolbox/ModusToolbox2Examples/HelloWorld_MTB2.0_API-B2/Empty_PSoC6_App/build/CY8CPROTO-063-BLE/Debug/main.o
                0x0800033c                sleepConfig
                0x08000350                . = ALIGN (0x4)
 *fill*         0x0800034d        0x3 
                0x08000350                PROVIDE (__preinit_array_start, .)
 *(.preinit_array)
                0x08000350                PROVIDE (__preinit_array_end, .)
                0x08000350                . = ALIGN (0x4)
                0x08000350                PROVIDE (__init_array_start, .)
 *(SORT_BY_NAME(.init_array.*))
 *(.init_array)
 .init_array    0x08000350        0x4 c:/modustoolbox/tools_2.0/gcc-7.2.1/bin/../lib/gcc/arm-none-eabi/7.2.1/thumb/v7e-m/fpv4-sp/softfp/crtbegin.o
                0x08000354                PROVIDE (__init_array_end, .)
                0x08000354                . = ALIGN (0x4)
                0x08000354                PROVIDE (__fini_array_start, .)
 *(SORT_BY_NAME(.fini_array.*))
 *(.fini_array)
 .fini_array    0x08000354        0x4 c:/modustoolbox/tools_2.0/gcc-7.2.1/bin/../lib/gcc/arm-none-eabi/7.2.1/thumb/v7e-m/fpv4-sp/softfp/crtbegin.o
                0x08000358                PROVIDE (__fini_array_end, .)
 *(.jcr*)
                0x08000358                . = ALIGN (0x4)
 *(.cy_ramfunc*)
 .cy_ramfunc    0x08000358      0x300 C:/Onethinx_Tomislav/ModusToolbox/ModusToolbox2Examples/HelloWorld_MTB2.0_API-B2/Empty_PSoC6_App/build/CY8CPROTO-063-BLE/Debug/libs/psoc6pdl/drivers/source/cy_flash.o
                0x080003c4                Cy_Flash_ResumeIrqHandler
 .cy_ramfunc    0x08000658      0x210 C:/Onethinx_Tomislav/ModusToolbox/ModusToolbox2Examples/HelloWorld_MTB2.0_API-B2/Empty_PSoC6_App/build/CY8CPROTO-063-BLE/Debug/libs/psoc6pdl/drivers/source/cy_syspm.o
 .cy_ramfunc.__stub
                0x08000868       0x40 linker stubs
                0x080008a8                . = ALIGN (0x4)
                0x080008a8                __data_end__ = .

.igot.plt       0x080008a8        0x0 load address 0x10002a1c
 .igot.plt      0x080008a8        0x0 c:/modustoolbox/tools_2.0/gcc-7.2.1/bin/../lib/gcc/arm-none-eabi/7.2.1/thumb/v7e-m/fpv4-sp/softfp/crtbegin.o

.cy_sharedmem   0x080008a8        0xc load address 0x10002a1c
 .cy_sharedmem  0x080008a8        0x4 C:/Onethinx_Tomislav/ModusToolbox/ModusToolbox2Examples/HelloWorld_MTB2.0_API-B2/Empty_PSoC6_App/build/CY8CPROTO-063-BLE/Debug/libs/psoc6pdl/drivers/source/cy_flash.o
 .cy_sharedmem  0x080008ac        0x8 C:/Onethinx_Tomislav/ModusToolbox/ModusToolbox2Examples/HelloWorld_MTB2.0_API-B2/Empty_PSoC6_App/build/CY8CPROTO-063-BLE/Debug/libs/psoc6pdl/drivers/source/cy_ipc_sema.o

.noinit         0x080008b8       0x94 load address 0x10002a30
 *(.noinit)
 .noinit        0x080008b8       0x94 C:/Onethinx_Tomislav/ModusToolbox/ModusToolbox2Examples/HelloWorld_MTB2.0_API-B2/Empty_PSoC6_App/build/CY8CPROTO-063-BLE/Debug/libs/psoc6pdl/drivers/source/cy_syslib.o
                0x080008b8                cy_assertFileName
                0x080008d0                cy_assertLine
                0x080008d4                cy_faultFrame

.bss            0x0800094c      0x37c load address 0x10002ac4
                0x0800094c                . = ALIGN (0x4)
                0x0800094c                __bss_start__ = .
 *(.bss*)
 .bss           0x0800094c       0x1c c:/modustoolbox/tools_2.0/gcc-7.2.1/bin/../lib/gcc/arm-none-eabi/7.2.1/thumb/v7e-m/fpv4-sp/softfp/crtbegin.o
 .bss.coreArguments
                0x08000968       0x58 C:/Onethinx_Tomislav/ModusToolbox/ModusToolbox2Examples/HelloWorld_MTB2.0_API-B2/Empty_PSoC6_App/build/CY8CPROTO-063-BLE/Debug/OnethinxCore/OnethinxCore01.o
                0x08000968                coreArguments
 .bss.cybsp_sysclk_pm_callback_param.22213
                0x080009c0        0x8 C:/Onethinx_Tomislav/ModusToolbox/ModusToolbox2Examples/HelloWorld_MTB2.0_API-B2/Empty_PSoC6_App/build/CY8CPROTO-063-BLE/Debug/libs/TARGET_CY8CPROTO-063-BLE/cybsp.o
 .bss.systemIpcPipeEpArray.11850
                0x080009c8      0x160 C:/Onethinx_Tomislav/ModusToolbox/ModusToolbox2Examples/HelloWorld_MTB2.0_API-B2/Empty_PSoC6_App/build/CY8CPROTO-063-BLE/Debug/libs/TARGET_CY8CPROTO-063-BLE/startup/system_psoc6_cm4.o
 .bss.systemIpcPipeSysCbArray.11851
                0x08000b28       0x20 C:/Onethinx_Tomislav/ModusToolbox/ModusToolbox2Examples/HelloWorld_MTB2.0_API-B2/Empty_PSoC6_App/build/CY8CPROTO-063-BLE/Debug/libs/TARGET_CY8CPROTO-063-BLE/startup/system_psoc6_cm4.o
 .bss.cyhal_used
                0x08000b48       0x1f C:/Onethinx_Tomislav/ModusToolbox/ModusToolbox2Examples/HelloWorld_MTB2.0_API-B2/Empty_PSoC6_App/build/CY8CPROTO-063-BLE/Debug/libs/psoc6hal/src/cyhal_hwmgr.o
 *fill*         0x08000b67        0x1 
 .bss.flashContext
                0x08000b68       0x10 C:/Onethinx_Tomislav/ModusToolbox/ModusToolbox2Examples/HelloWorld_MTB2.0_API-B2/Empty_PSoC6_App/build/CY8CPROTO-063-BLE/Debug/libs/psoc6pdl/drivers/source/cy_flash.o
 .bss.ipcWaitMessage
                0x08000b78        0x4 C:/Onethinx_Tomislav/ModusToolbox/ModusToolbox2Examples/HelloWorld_MTB2.0_API-B2/Empty_PSoC6_App/build/CY8CPROTO-063-BLE/Debug/libs/psoc6pdl/drivers/source/cy_flash.o
 .bss.cy_ipc_pipe_epArray
                0x08000b7c        0x4 C:/Onethinx_Tomislav/ModusToolbox/ModusToolbox2Examples/HelloWorld_MTB2.0_API-B2/Empty_PSoC6_App/build/CY8CPROTO-063-BLE/Debug/libs/psoc6pdl/drivers/source/cy_ipc_pipe.o
 .bss.cy_semaIpcStruct
                0x08000b80        0x4 C:/Onethinx_Tomislav/ModusToolbox/ModusToolbox2Examples/HelloWorld_MTB2.0_API-B2/Empty_PSoC6_App/build/CY8CPROTO-063-BLE/Debug/libs/psoc6pdl/drivers/source/cy_ipc_sema.o
 .bss.changedSourcePaths.13293
                0x08000b84        0x2 C:/Onethinx_Tomislav/ModusToolbox/ModusToolbox2Examples/HelloWorld_MTB2.0_API-B2/Empty_PSoC6_App/build/CY8CPROTO-063-BLE/Debug/libs/psoc6pdl/drivers/source/cy_sysclk.o
 .bss.clkCounting
                0x08000b86        0x1 C:/Onethinx_Tomislav/ModusToolbox/ModusToolbox2Examples/HelloWorld_MTB2.0_API-B2/Empty_PSoC6_App/build/CY8CPROTO-063-BLE/Debug/libs/psoc6pdl/drivers/source/cy_sysclk.o
 *fill*         0x08000b87        0x1 
 .bss.pllAutoModes.13294
                0x08000b88        0x2 C:/Onethinx_Tomislav/ModusToolbox/ModusToolbox2Examples/HelloWorld_MTB2.0_API-B2/Empty_PSoC6_App/build/CY8CPROTO-063-BLE/Debug/libs/psoc6pdl/drivers/source/cy_sysclk.o
 .bss.preventCounting
                0x08000b8a        0x1 C:/Onethinx_Tomislav/ModusToolbox/ModusToolbox2Examples/HelloWorld_MTB2.0_API-B2/Empty_PSoC6_App/build/CY8CPROTO-063-BLE/Debug/libs/psoc6pdl/drivers/source/cy_sysclk.o
 *fill*         0x08000b8b        0x1 
 .bss.bkpRegs   0x08000b8c       0x20 C:/Onethinx_Tomislav/ModusToolbox/ModusToolbox2Examples/HelloWorld_MTB2.0_API-B2/Empty_PSoC6_App/build/CY8CPROTO-063-BLE/Debug/libs/psoc6pdl/drivers/source/cy_syspm.o
 .bss.failedCallback
                0x08000bac       0x14 C:/Onethinx_Tomislav/ModusToolbox/ModusToolbox2Examples/HelloWorld_MTB2.0_API-B2/Empty_PSoC6_App/build/CY8CPROTO-063-BLE/Debug/libs/psoc6pdl/drivers/source/cy_syspm.o
 .bss.lastExecutedCallback.12507
                0x08000bc0        0x4 C:/Onethinx_Tomislav/ModusToolbox/ModusToolbox2Examples/HelloWorld_MTB2.0_API-B2/Empty_PSoC6_App/build/CY8CPROTO-063-BLE/Debug/libs/psoc6pdl/drivers/source/cy_syspm.o
 .bss.pmCallbackRoot
                0x08000bc4       0x14 C:/Onethinx_Tomislav/ModusToolbox/ModusToolbox2Examples/HelloWorld_MTB2.0_API-B2/Empty_PSoC6_App/build/CY8CPROTO-063-BLE/Debug/libs/psoc6pdl/drivers/source/cy_syspm.o
 .bss.wasEventSent
                0x08000bd8        0x1 C:/Onethinx_Tomislav/ModusToolbox/ModusToolbox2Examples/HelloWorld_MTB2.0_API-B2/Empty_PSoC6_App/build/CY8CPROTO-063-BLE/Debug/libs/psoc6pdl/drivers/source/cy_syspm.o
 *(COMMON)
 *fill*         0x08000bd9        0x3 
 COMMON         0x08000bdc        0x4 C:/Onethinx_Tomislav/ModusToolbox/ModusToolbox2Examples/HelloWorld_MTB2.0_API-B2/Empty_PSoC6_App/build/CY8CPROTO-063-BLE/Debug/OnethinxCore/OnethinxCore01.o
                0x08000bdc                callBackDone
 COMMON         0x08000be0        0x4 C:/Onethinx_Tomislav/ModusToolbox/ModusToolbox2Examples/HelloWorld_MTB2.0_API-B2/Empty_PSoC6_App/build/CY8CPROTO-063-BLE/Debug/libs/psoc6pdl/drivers/source/cy_device.o
                0x08000be0                cy_device
 COMMON         0x08000be4       0xe4 C:/Onethinx_Tomislav/ModusToolbox/ModusToolbox2Examples/HelloWorld_MTB2.0_API-B2/Empty_PSoC6_App/build/CY8CPROTO-063-BLE/Debug/main.o
                0x08000be4                coreInfo
                0x08000c08                TXbuffer
                0x08000c48                coreStatus
                0x08000c88                RXbuffer
                0x08000cc8                . = ALIGN (0x4)
                0x08000cc8                __bss_end__ = .

.heap           0x08000cc8      0x400
                0x08000cc8                __HeapBase = .
                0x08000cc8                __end__ = .
                0x08000cc8                end = __end__
 *(.heap*)
 .heap          0x08000cc8      0x400 C:/Onethinx_Tomislav/ModusToolbox/ModusToolbox2Examples/HelloWorld_MTB2.0_API-B2/Empty_PSoC6_App/build/CY8CPROTO-063-BLE/Debug/libs/TARGET_CY8CPROTO-063-BLE/startup/TOOLCHAIN_GCC_ARM/startup_psoc6_01_cm4.o
                0x080010c8                __HeapLimit = .

.stack_dummy    0x08000cc8     0x1000
 *(.stack*)
 .stack         0x08000cc8     0x1000 C:/Onethinx_Tomislav/ModusToolbox/ModusToolbox2Examples/HelloWorld_MTB2.0_API-B2/Empty_PSoC6_App/build/CY8CPROTO-063-BLE/Debug/libs/TARGET_CY8CPROTO-063-BLE/startup/TOOLCHAIN_GCC_ARM/startup_psoc6_01_cm4.o
                0x0803f000                __StackTop = (ORIGIN (ram) + LENGTH (ram))
                0x0803e000                __StackLimit = (__StackTop - SIZEOF (.stack_dummy))
                0x0803f000                PROVIDE (__stack, __StackTop)
                0x00000001                ASSERT ((__StackLimit >= __HeapLimit), region RAM overflowed with stack)

.cy_app_signature
 *(.cy_app_signature)

.cy_em_eeprom
 *(.cy_em_eeprom)

.cy_xip
 *(.cy_xip)

.cymeta
 *(.cymeta)
                0x10000000                __cy_memory_0_start = 0x10000000
                0x00100000                __cy_memory_0_length = 0x100000
                0x00000200                __cy_memory_0_row_size = 0x200
                0x14000000                __cy_memory_1_start = 0x14000000
                0x00008000                __cy_memory_1_length = 0x8000
                0x00000200                __cy_memory_1_row_size = 0x200
                0x16000000                __cy_memory_2_start = 0x16000000
                0x00008000                __cy_memory_2_length = 0x8000
                0x00000200                __cy_memory_2_row_size = 0x200
                0x18000000                __cy_memory_3_start = 0x18000000
                0x08000000                __cy_memory_3_length = 0x8000000
                0x00000200                __cy_memory_3_row_size = 0x200
                0x90700000                __cy_memory_4_start = 0x90700000
                0x00100000                __cy_memory_4_length = 0x100000
                0x00000001                __cy_memory_4_row_size = 0x1
OUTPUT(C:/Onethinx_Tomislav/ModusToolbox/ModusToolbox2Examples/HelloWorld_MTB2.0_API-B2/Empty_PSoC6_App/build/CY8CPROTO-063-BLE/Debug/mtb-example-psoc6-empty-app.elf elf32-littlearm)

.ARM.attributes
                0x00000000       0x2e
 .ARM.attributes
                0x00000000       0x22 c:/modustoolbox/tools_2.0/gcc-7.2.1/bin/../lib/gcc/arm-none-eabi/7.2.1/thumb/v7e-m/fpv4-sp/softfp/crti.o
 .ARM.attributes
                0x00000022       0x32 c:/modustoolbox/tools_2.0/gcc-7.2.1/bin/../lib/gcc/arm-none-eabi/7.2.1/thumb/v7e-m/fpv4-sp/softfp/crtbegin.o
 .ARM.attributes
                0x00000054       0x1b C:/Onethinx_Tomislav/ModusToolbox/ModusToolbox2Examples/HelloWorld_MTB2.0_API-B2/Empty_PSoC6_App/build/CY8CPROTO-063-BLE/Debug/libs/TARGET_CY8CPROTO-063-BLE/startup/TOOLCHAIN_GCC_ARM/startup_psoc6_01_cm4.o
 .ARM.attributes
                0x0000006f       0x21 C:/Onethinx_Tomislav/ModusToolbox/ModusToolbox2Examples/HelloWorld_MTB2.0_API-B2/Empty_PSoC6_App/build/CY8CPROTO-063-BLE/Debug/libs/psoc6pdl/drivers/source/TOOLCHAIN_GCC_ARM/cy_syslib_gcc.o
 .ARM.attributes
                0x00000090       0x37 C:/Onethinx_Tomislav/ModusToolbox/ModusToolbox2Examples/HelloWorld_MTB2.0_API-B2/Empty_PSoC6_App/build/CY8CPROTO-063-BLE/Debug/OnethinxCore/OnethinxCore01.o
 .ARM.attributes
                0x000000c7       0x37 C:/Onethinx_Tomislav/ModusToolbox/ModusToolbox2Examples/HelloWorld_MTB2.0_API-B2/Empty_PSoC6_App/build/CY8CPROTO-063-BLE/Debug/libs/TARGET_CY8CPROTO-063-BLE/COMPONENT_BSP_DESIGN_MODUS/GeneratedSource/cycfg.o
 .ARM.attributes
                0x000000fe       0x37 C:/Onethinx_Tomislav/ModusToolbox/ModusToolbox2Examples/HelloWorld_MTB2.0_API-B2/Empty_PSoC6_App/build/CY8CPROTO-063-BLE/Debug/libs/TARGET_CY8CPROTO-063-BLE/COMPONENT_BSP_DESIGN_MODUS/GeneratedSource/cycfg_clocks.o
 .ARM.attributes
                0x00000135       0x37 C:/Onethinx_Tomislav/ModusToolbox/ModusToolbox2Examples/HelloWorld_MTB2.0_API-B2/Empty_PSoC6_App/build/CY8CPROTO-063-BLE/Debug/libs/TARGET_CY8CPROTO-063-BLE/COMPONENT_BSP_DESIGN_MODUS/GeneratedSource/cycfg_pins.o
 .ARM.attributes
                0x0000016c       0x37 C:/Onethinx_Tomislav/ModusToolbox/ModusToolbox2Examples/HelloWorld_MTB2.0_API-B2/Empty_PSoC6_App/build/CY8CPROTO-063-BLE/Debug/libs/TARGET_CY8CPROTO-063-BLE/COMPONENT_BSP_DESIGN_MODUS/GeneratedSource/cycfg_system.o
 .ARM.attributes
                0x000001a3       0x37 C:/Onethinx_Tomislav/ModusToolbox/ModusToolbox2Examples/HelloWorld_MTB2.0_API-B2/Empty_PSoC6_App/build/CY8CPROTO-063-BLE/Debug/libs/TARGET_CY8CPROTO-063-BLE/cybsp.o
 .ARM.attributes
                0x000001da       0x37 C:/Onethinx_Tomislav/ModusToolbox/ModusToolbox2Examples/HelloWorld_MTB2.0_API-B2/Empty_PSoC6_App/build/CY8CPROTO-063-BLE/Debug/libs/TARGET_CY8CPROTO-063-BLE/startup/system_psoc6_cm4.o
 .ARM.attributes
                0x00000211       0x37 C:/Onethinx_Tomislav/ModusToolbox/ModusToolbox2Examples/HelloWorld_MTB2.0_API-B2/Empty_PSoC6_App/build/CY8CPROTO-063-BLE/Debug/libs/psoc6hal/src/cyhal_hwmgr.o
 .ARM.attributes
                0x00000248       0x37 C:/Onethinx_Tomislav/ModusToolbox/ModusToolbox2Examples/HelloWorld_MTB2.0_API-B2/Empty_PSoC6_App/build/CY8CPROTO-063-BLE/Debug/libs/psoc6pdl/drivers/source/cy_device.o
 .ARM.attributes
                0x0000027f       0x37 C:/Onethinx_Tomislav/ModusToolbox/ModusToolbox2Examples/HelloWorld_MTB2.0_API-B2/Empty_PSoC6_App/build/CY8CPROTO-063-BLE/Debug/libs/psoc6pdl/drivers/source/cy_flash.o
 .ARM.attributes
                0x000002b6       0x37 C:/Onethinx_Tomislav/ModusToolbox/ModusToolbox2Examples/HelloWorld_MTB2.0_API-B2/Empty_PSoC6_App/build/CY8CPROTO-063-BLE/Debug/libs/psoc6pdl/drivers/source/cy_gpio.o
 .ARM.attributes
                0x000002ed       0x37 C:/Onethinx_Tomislav/ModusToolbox/ModusToolbox2Examples/HelloWorld_MTB2.0_API-B2/Empty_PSoC6_App/build/CY8CPROTO-063-BLE/Debug/libs/psoc6pdl/drivers/source/cy_ipc_drv.o
 .ARM.attributes
                0x00000324       0x37 C:/Onethinx_Tomislav/ModusToolbox/ModusToolbox2Examples/HelloWorld_MTB2.0_API-B2/Empty_PSoC6_App/build/CY8CPROTO-063-BLE/Debug/libs/psoc6pdl/drivers/source/cy_ipc_pipe.o
 .ARM.attributes
                0x0000035b       0x37 C:/Onethinx_Tomislav/ModusToolbox/ModusToolbox2Examples/HelloWorld_MTB2.0_API-B2/Empty_PSoC6_App/build/CY8CPROTO-063-BLE/Debug/libs/psoc6pdl/drivers/source/cy_ipc_sema.o
 .ARM.attributes
                0x00000392       0x37 C:/Onethinx_Tomislav/ModusToolbox/ModusToolbox2Examples/HelloWorld_MTB2.0_API-B2/Empty_PSoC6_App/build/CY8CPROTO-063-BLE/Debug/libs/psoc6pdl/drivers/source/cy_sysclk.o
 .ARM.attributes
                0x000003c9       0x37 C:/Onethinx_Tomislav/ModusToolbox/ModusToolbox2Examples/HelloWorld_MTB2.0_API-B2/Empty_PSoC6_App/build/CY8CPROTO-063-BLE/Debug/libs/psoc6pdl/drivers/source/cy_sysint.o
 .ARM.attributes
                0x00000400       0x37 C:/Onethinx_Tomislav/ModusToolbox/ModusToolbox2Examples/HelloWorld_MTB2.0_API-B2/Empty_PSoC6_App/build/CY8CPROTO-063-BLE/Debug/libs/psoc6pdl/drivers/source/cy_syslib.o
 .ARM.attributes
                0x00000437       0x37 C:/Onethinx_Tomislav/ModusToolbox/ModusToolbox2Examples/HelloWorld_MTB2.0_API-B2/Empty_PSoC6_App/build/CY8CPROTO-063-BLE/Debug/libs/psoc6pdl/drivers/source/cy_syspm.o
 .ARM.attributes
                0x0000046e       0x37 C:/Onethinx_Tomislav/ModusToolbox/ModusToolbox2Examples/HelloWorld_MTB2.0_API-B2/Empty_PSoC6_App/build/CY8CPROTO-063-BLE/Debug/main.o
 .ARM.attributes
                0x000004a5       0x32 c:/modustoolbox/tools_2.0/gcc-7.2.1/bin/../lib/gcc/arm-none-eabi/7.2.1/../../../../arm-none-eabi/lib/thumb/v7e-m/fpv4-sp/softfp\libg_nano.a(lib_a-fini.o)
 .ARM.attributes
                0x000004d7       0x32 c:/modustoolbox/tools_2.0/gcc-7.2.1/bin/../lib/gcc/arm-none-eabi/7.2.1/../../../../arm-none-eabi/lib/thumb/v7e-m/fpv4-sp/softfp\libg_nano.a(lib_a-init.o)
 .ARM.attributes
                0x00000509       0x32 c:/modustoolbox/tools_2.0/gcc-7.2.1/bin/../lib/gcc/arm-none-eabi/7.2.1/../../../../arm-none-eabi/lib/thumb/v7e-m/fpv4-sp/softfp\libg_nano.a(lib_a-memset.o)
 .ARM.attributes
                0x0000053b       0x32 c:/modustoolbox/tools_2.0/gcc-7.2.1/bin/../lib/gcc/arm-none-eabi/7.2.1/../../../../arm-none-eabi/lib/thumb/v7e-m/fpv4-sp/softfp\libg_nano.a(lib_a-strncpy.o)
 .ARM.attributes
                0x0000056d       0x32 c:/modustoolbox/tools_2.0/gcc-7.2.1/bin/../lib/gcc/arm-none-eabi/7.2.1/thumb/v7e-m/fpv4-sp/softfp/crtend.o
 .ARM.attributes
                0x0000059f       0x22 c:/modustoolbox/tools_2.0/gcc-7.2.1/bin/../lib/gcc/arm-none-eabi/7.2.1/thumb/v7e-m/fpv4-sp/softfp/crtn.o

.comment        0x00000000       0x7e
 .comment       0x00000000       0x7e C:/Onethinx_Tomislav/ModusToolbox/ModusToolbox2Examples/HelloWorld_MTB2.0_API-B2/Empty_PSoC6_App/build/CY8CPROTO-063-BLE/Debug/OnethinxCore/OnethinxCore01.o
                                 0x7f (size before relaxing)
 .comment       0x0000007e       0x7f C:/Onethinx_Tomislav/ModusToolbox/ModusToolbox2Examples/HelloWorld_MTB2.0_API-B2/Empty_PSoC6_App/build/CY8CPROTO-063-BLE/Debug/libs/TARGET_CY8CPROTO-063-BLE/COMPONENT_BSP_DESIGN_MODUS/GeneratedSource/cycfg.o
 .comment       0x0000007e       0x7f C:/Onethinx_Tomislav/ModusToolbox/ModusToolbox2Examples/HelloWorld_MTB2.0_API-B2/Empty_PSoC6_App/build/CY8CPROTO-063-BLE/Debug/libs/TARGET_CY8CPROTO-063-BLE/COMPONENT_BSP_DESIGN_MODUS/GeneratedSource/cycfg_clocks.o
 .comment       0x0000007e       0x7f C:/Onethinx_Tomislav/ModusToolbox/ModusToolbox2Examples/HelloWorld_MTB2.0_API-B2/Empty_PSoC6_App/build/CY8CPROTO-063-BLE/Debug/libs/TARGET_CY8CPROTO-063-BLE/COMPONENT_BSP_DESIGN_MODUS/GeneratedSource/cycfg_pins.o
 .comment       0x0000007e       0x7f C:/Onethinx_Tomislav/ModusToolbox/ModusToolbox2Examples/HelloWorld_MTB2.0_API-B2/Empty_PSoC6_App/build/CY8CPROTO-063-BLE/Debug/libs/TARGET_CY8CPROTO-063-BLE/COMPONENT_BSP_DESIGN_MODUS/GeneratedSource/cycfg_system.o
 .comment       0x0000007e       0x7f C:/Onethinx_Tomislav/ModusToolbox/ModusToolbox2Examples/HelloWorld_MTB2.0_API-B2/Empty_PSoC6_App/build/CY8CPROTO-063-BLE/Debug/libs/TARGET_CY8CPROTO-063-BLE/cybsp.o
 .comment       0x0000007e       0x7f C:/Onethinx_Tomislav/ModusToolbox/ModusToolbox2Examples/HelloWorld_MTB2.0_API-B2/Empty_PSoC6_App/build/CY8CPROTO-063-BLE/Debug/libs/TARGET_CY8CPROTO-063-BLE/startup/system_psoc6_cm4.o
 .comment       0x0000007e       0x7f C:/Onethinx_Tomislav/ModusToolbox/ModusToolbox2Examples/HelloWorld_MTB2.0_API-B2/Empty_PSoC6_App/build/CY8CPROTO-063-BLE/Debug/libs/psoc6hal/src/cyhal_hwmgr.o